Component: ARM Compiler 5.06 update 6 (build 750) Tool: armlink [4d35ed]

==============================================================================

Section Cross References

    startup_stm32f103xb.o(STACK) refers (Special) to heapauxi.o(.text) for __use_two_region_memory
    startup_stm32f103xb.o(HEAP) refers (Special) to heapauxi.o(.text) for __use_two_region_memory
    startup_stm32f103xb.o(RESET) refers (Special) to heapauxi.o(.text) for __use_two_region_memory
    startup_stm32f103xb.o(RESET) refers to startup_stm32f103xb.o(STACK) for __initial_sp
    startup_stm32f103xb.o(RESET) refers to startup_stm32f103xb.o(.text) for Reset_Handler
    startup_stm32f103xb.o(RESET) refers to stm32f1xx_it.o(i.NMI_Handler) for NMI_Handler
    startup_stm32f103xb.o(RESET) refers to stm32f1xx_it.o(i.HardFault_Handler) for HardFault_Handler
    startup_stm32f103xb.o(RESET) refers to stm32f1xx_it.o(i.MemManage_Handler) for MemManage_Handler
    startup_stm32f103xb.o(RESET) refers to stm32f1xx_it.o(i.BusFault_Handler) for BusFault_Handler
    startup_stm32f103xb.o(RESET) refers to stm32f1xx_it.o(i.UsageFault_Handler) for UsageFault_Handler
    startup_stm32f103xb.o(RESET) refers to port.o(.emb_text) for SVC_Handler
    startup_stm32f103xb.o(RESET) refers to stm32f1xx_it.o(i.DebugMon_Handler) for DebugMon_Handler
    startup_stm32f103xb.o(RESET) refers to stm32f1xx_it.o(i.SysTick_Handler) for SysTick_Handler
    startup_stm32f103xb.o(.text) refers (Special) to heapauxi.o(.text) for __use_two_region_memory
    startup_stm32f103xb.o(.text) refers to system_stm32f1xx.o(i.SystemInit) for SystemInit
    startup_stm32f103xb.o(.text) refers to __main.o(!!!main) for __main
    startup_stm32f103xb.o(.text) refers to startup_stm32f103xb.o(HEAP) for Heap_Mem
    startup_stm32f103xb.o(.text) refers to startup_stm32f103xb.o(STACK) for Stack_Mem
    main.o(i.I2C_Scan) refers to _printf_percent.o(.ARM.Collect$$_printf_percent$$00000000) for _printf_percent
    main.o(i.I2C_Scan) refers to _printf_x.o(.ARM.Collect$$_printf_percent$$0000000C) for _printf_x
    main.o(i.I2C_Scan) refers to _printf_hex_int_ll_ptr.o(.text) for _printf_longlong_hex
    main.o(i.I2C_Scan) refers to stm32f1xx_hal_i2c.o(i.HAL_I2C_IsDeviceReady) for HAL_I2C_IsDeviceReady
    main.o(i.I2C_Scan) refers to __2sprintf.o(.text) for __2sprintf
    main.o(i.I2C_Scan) refers to strlen.o(.text) for strlen
    main.o(i.I2C_Scan) refers to stm32f1xx_hal_uart.o(i.HAL_UART_Transmit) for HAL_UART_Transmit
    main.o(i.I2C_Scan) refers to main.o(.bss) for .bss
    main.o(i.MX_GPIO_Init) refers to stm32f1xx_hal_gpio.o(i.HAL_GPIO_WritePin) for HAL_GPIO_WritePin
    main.o(i.MX_GPIO_Init) refers to stm32f1xx_hal_gpio.o(i.HAL_GPIO_Init) for HAL_GPIO_Init
    main.o(i.MX_TIM2_Init) refers to stm32f1xx_hal_tim.o(i.HAL_TIM_Base_Init) for HAL_TIM_Base_Init
    main.o(i.MX_TIM2_Init) refers to stm32f1xx_hal_tim.o(i.HAL_TIM_ConfigClockSource) for HAL_TIM_ConfigClockSource
    main.o(i.MX_TIM2_Init) refers to stm32f1xx_hal_tim_ex.o(i.HAL_TIMEx_MasterConfigSynchronization) for HAL_TIMEx_MasterConfigSynchronization
    main.o(i.MX_TIM2_Init) refers to main.o(.bss) for .bss
    main.o(i.Print_uart) refers to vsnprintf.o(.text) for vsnprintf
    main.o(i.Print_uart) refers to stm32f1xx_hal_uart.o(i.HAL_UART_Transmit) for HAL_UART_Transmit
    main.o(i.Print_uart) refers to main.o(.bss) for .bss
    main.o(i.RTC_alarm_check) refers to stm32f1xx_hal.o(i.HAL_GetTick) for HAL_GetTick
    main.o(i.RTC_alarm_check) refers to stm32f1xx_hal_gpio.o(i.HAL_GPIO_WritePin) for HAL_GPIO_WritePin
    main.o(i.RTC_alarm_check) refers to main.o(.data) for .data
    main.o(i.RTC_display) refers to _printf_pad.o(.text) for _printf_pre_padding
    main.o(i.RTC_display) refers to _printf_percent.o(.ARM.Collect$$_printf_percent$$00000000) for _printf_percent
    main.o(i.RTC_display) refers to _printf_d.o(.ARM.Collect$$_printf_percent$$00000009) for _printf_d
    main.o(i.RTC_display) refers to _printf_dec.o(.text) for _printf_int_dec
    main.o(i.RTC_display) refers to _printf_s.o(.ARM.Collect$$_printf_percent$$00000014) for _printf_s
    main.o(i.RTC_display) refers to _printf_str.o(.text) for _printf_str
    main.o(i.RTC_display) refers to main.o(i.RTC_get_day_of_week) for RTC_get_day_of_week
    main.o(i.RTC_display) refers to __2sprintf.o(.text) for __2sprintf
    main.o(i.RTC_display) refers to stm32f1xx_hal.o(i.HAL_GetTick) for HAL_GetTick
    main.o(i.RTC_display) refers to cmsis_os.o(i.osMutexWait) for osMutexWait
    main.o(i.RTC_display) refers to main.o(i.RTC_read) for RTC_read
    main.o(i.RTC_display) refers to ssd1306.o(i.SSD1306_GotoXY) for SSD1306_GotoXY
    main.o(i.RTC_display) refers to ssd1306.o(i.SSD1306_Puts) for SSD1306_Puts
    main.o(i.RTC_display) refers to ssd1306.o(i.SSD1306_UpdateScreen) for SSD1306_UpdateScreen
    main.o(i.RTC_display) refers to cmsis_os.o(i.osMutexRelease) for osMutexRelease
    main.o(i.RTC_display) refers to main.o(.data) for .data
[...]
    .data                                    0x200000bc   Section       12  port.o(.data)
    ucMaxSysCallPriority                     0x200000bc   Data           1  port.o(.data)
    uxCriticalNesting                        0x200000c0   Data           4  port.o(.data)
    ulMaxPRIGROUPValue                       0x200000c4   Data           4  port.o(.data)
    .bss                                     0x200000c8   Section      464  main.o(.bss)
    .bss                                     0x20000298   Section      596  freertos.o(.bss)
    xIdleTaskTCBBuffer                       0x20000298   Data          84  freertos.o(.bss)
    xIdleStack                               0x200002ec   Data         512  freertos.o(.bss)
    .bss                                     0x200004ec   Section     1024  ssd1306.o(.bss)
    SSD1306_Buffer                           0x200004ec   Data        1024  ssd1306.o(.bss)
    .bss                                     0x200008ec   Section      240  tasks.o(.bss)
    pxReadyTasksLists                        0x200008ec   Data         140  tasks.o(.bss)
    xDelayedTaskList1                        0x20000978   Data          20  tasks.o(.bss)
    xDelayedTaskList2                        0x2000098c   Data          20  tasks.o(.bss)
    xPendingReadyList                        0x200009a0   Data          20  tasks.o(.bss)
    xTasksWaitingTermination                 0x200009b4   Data          20  tasks.o(.bss)
    xSuspendedTaskList                       0x200009c8   Data          20  tasks.o(.bss)
    .bss                                     0x200009dc   Section     3072  heap_4.o(.bss)
    ucHeap                                   0x200009dc   Data        3072  heap_4.o(.bss)
    .bss                                     0x200015dc   Section       96  libspace.o(.bss)
    HEAP                                     0x20001640   Section      512  startup_stm32f103xb.o(HEAP)
    Heap_Mem                                 0x20001640   Data         512  startup_stm32f103xb.o(HEAP)
    STACK                                    0x20001840   Section     1024  startup_stm32f103xb.o(STACK)
    Stack_Mem                                0x20001840   Data        1024  startup_stm32f103xb.o(STACK)
    __initial_sp                             0x20001c40   Data           0  startup_stm32f103xb.o(STACK)

    Global Symbols

    Symbol Name                              Value     Ov Type        Size  Object(Section)

    BuildAttributes$$THM_ISAv4$P$D$K$B$S$PE$A:L22UL41UL21$X:L11$S22US41US21$IEEE1$IW$USESV6$~STKCKD$USESV7$~SHL$OTIME$ROPI$IEEEJ$EBA8$UX$STANDARDLIB$REQ8$PRES8$EABIv2 0x00000000   Number         0  anon$$obj.o ABSOLUTE
    __ARM_use_no_argv                        0x00000000   Number         0  main.o ABSOLUTE
    _printf_flags                            0x00000000   Number         0  printf_stubs.o ABSOLUTE
    _printf_return_value                     0x00000000   Number         0  printf_stubs.o ABSOLUTE
    _printf_sizespec                         0x00000000   Number         0  printf_stubs.o ABSOLUTE
    _printf_widthprec                        0x00000000   Number         0  printf_stubs.o ABSOLUTE
    __ARM_exceptions_init                     - Undefined Weak Reference
    __alloca_initialize                       - Undefined Weak Reference
    __arm_preinit_                            - Undefined Weak Reference
    __cpp_initialize__aeabi_                  - Undefined Weak Reference
    __cxa_finalize                            - Undefined Weak Reference
    __sigvec_lookup                           - Undefined Weak Reference
    _atexit_init                              - Undefined Weak Reference
    _call_atexit_fns                          - Undefined Weak Reference
    _clock_init                               - Undefined Weak Reference
    _fp_trap_init                             - Undefined Weak Reference
    _fp_trap_shutdown                         - Undefined Weak Reference
    _get_lc_collate                           - Undefined Weak Reference
    _get_lc_monetary                          - Undefined Weak Reference
    _get_lc_time                              - Undefined Weak Reference
    _getenv_init                              - Undefined Weak Reference
    _handle_redirection                       - Undefined Weak Reference
    _init_alloc                               - Undefined Weak Reference
    _init_user_alloc                          - Undefined Weak Reference
    _initio                                   - Undefined Weak Reference
    _printf_mbtowc                            - Undefined Weak Reference
    _printf_wc                                - Undefined Weak Reference
    _rand_init                                - Undefined Weak Reference
    _signal_finish                            - Undefined Weak Reference
    _signal_init                              - Undefined Weak Reference
    _terminate_alloc                          - Undefined Weak Reference
    _terminate_user_alloc                     - Undefined Weak Reference
    _terminateio                              - Undefined Weak Reference
    __Vectors_Size                           0x000000ec   Number         0  startup_stm32f103xb.o ABSOLUTE
    __Vectors                                0x08000000   Data           4  startup_stm32f103xb.o(RESET)
    __Vectors_End                            0x080000ec   Data           0  startup_stm32f103xb.o(RESET)
    __main                                   0x080000ed   Thumb Code     8  __main.o(!!!main)
    __scatterload                            0x080000f5   Thumb Code     0  __scatter.o(!!!scatter)
    __scatterload_rt2                        0x080000f5   Thumb Code    44  __scatter.o(!!!scatter)
    __scatterload_rt2_thumb_only             0x080000f5   Thumb Code     0  __scatter.o(!!!scatter)
    __scatterload_null                       0x08000103   Thumb Code     0  __scatter.o(!!!scatter)
    __scatterload_copy                       0x08000129   Thumb Code    26  __scatter_copy.o(!!handler_copy)
    __scatterload_zeroinit                   0x08000145   Thumb Code    28  __scatter_zi.o(!!handler_zi)
    _printf_n                                0x08000161   Thumb Code     0  _printf_n.o(.ARM.Collect$$_printf_percent$$00000001)
    _printf_percent                          0x08000161   Thumb Code     0  _printf_percent.o(.ARM.Collect$$_printf_percent$$00000000)
    _printf_p                                0x08000167   Thumb Code     0  _printf_p.o(.ARM.Collect$$_printf_percent$$00000002)
    _printf_f                                0x0800016d   Thumb Code     0  _printf_f.o(.ARM.Collect$$_printf_percent$$00000003)
    _printf_e                                0x08000173   Thumb Code     0  _printf_e.o(.ARM.Collect$$_printf_percent$$00000004)
    _printf_g                                0x08000179   Thumb Code     0  _printf_g.o(.ARM.Collect$$_printf_percent$$00000005)
    _printf_a                                0x0800017f   Thumb Code     0  _printf_a.o(.ARM.Collect$$_printf_percent$$00000006)
    _printf_ll                               0x08000185   Thumb Code     0  _printf_ll.o(.ARM.Collect$$_printf_percent$$00000007)
    _printf_i                                0x0800018f   Thumb Code     0  _printf_i.o(.ARM.Collect$$_printf_percent$$00000008)
    _printf_d                                0x08000195   Thumb Code     0  _printf_d.o(.ARM.Collect$$_printf_percent$$00000009)
    _printf_u                                0x0800019b   Thumb Code     0  _printf_u.o(.ARM.Collect$$_printf_percent$$0000000A)
    _printf_o                                0x080001a1   Thumb Code     0  _printf_o.o(.ARM.Collect$$_printf_percent$$0000000B)
    _printf_x                                0x080001a7   Thumb Code     0  _printf_x.o(.ARM.Collect$$_printf_percent$$0000000C)
    _printf_lli                              0x080001ad   Thumb Code     0  _printf_lli.o(.ARM.Collect$$_printf_percent$$0000000D)
    _printf_lld                              0x080001b3   Thumb Code     0  _printf_lld.o(.ARM.Collect$$_printf_percent$$0000000E)
    _printf_llu                              0x080001b9   Thumb Code     0  _printf_llu.o(.ARM.Collect$$_printf_percent$$0000000F)
    _printf_llo                              0x080001bf   Thumb Code     0  _printf_llo.o(.ARM.Collect$$_printf_percent$$00000010)
    _printf_llx                              0x080001c5   Thumb Code     0  _printf_llx.o(.ARM.Collect$$_printf_percent$$00000011)
    _printf_l                                0x080001cb   Thumb Code     0  _printf_l.o(.ARM.Collect$$_printf_percent$$00000012)
    _printf_c                                0x080001d5   Thumb Code     0  _printf_c.o(.ARM.Collect$$_printf_percent$$00000013)
    _printf_s                                0x080001db   Thumb Code     0  _printf_s.o(.ARM.Collect$$_printf_percent$$00000014)
    _printf_lc                               0x080001e1   Thumb Code     0  _printf_lc.o(.ARM.Collect$$_printf_percent$$00000015)
    _printf_ls                               0x080001e7   Thumb Code     0  _printf_ls.o(.ARM.Collect$$_printf_percent$$00000016)
    _printf_percent_end                      0x080001ed   Thumb Code     0  _printf_percent_end.o(.ARM.Collect$$_printf_percent$$00000017)
    __rt_lib_init                            0x080001f1   Thumb Code     0  libinit.o(.ARM.Collect$$libinit$$00000000)
    __rt_lib_init_fp_1                       0x080001f3   Thumb Code     0  libinit2.o(.ARM.Collect$$libinit$$00000002)
    __rt_lib_init_heap_1                     0x080001f3   Thumb Code     0  libinit2.o(.ARM.Collect$$libinit$$0000000A)
    __rt_lib_init_lc_common                  0x080001f3   Thumb Code     0  libinit2.o(.ARM.Collect$$libinit$$0000000F)
    __rt_lib_init_preinit_1                  0x080001f3   Thumb Code     0  libinit2.o(.ARM.Collect$$libinit$$00000004)
    __rt_lib_init_rand_1                     0x080001f3   Thumb Code     0  libinit2.o(.ARM.Collect$$libinit$$0000000E)
    __rt_lib_init_user_alloc_1               0x080001f3   Thumb Code     0  libinit2.o(.ARM.Collect$$libinit$$0000000C)
    __rt_lib_init_lc_collate_1               0x080001f9   Thumb Code     0  libinit2.o(.ARM.Collect$$libinit$$00000011)
    __rt_lib_init_lc_ctype_2                 0x080001f9   Thumb Code     0  libinit2.o(.ARM.Collect$$libinit$$00000012)
    __rt_lib_init_lc_ctype_1                 0x08000205   Thumb Code     0  libinit2.o(.ARM.Collect$$libinit$$00000013)
    __rt_lib_init_lc_monetary_1              0x08000205   Thumb Code     0  libinit2.o(.ARM.Collect$$libinit$$00000015)
    __rt_lib_init_lc_numeric_2               0x08000205   Thumb Code     0  libinit2.o(.ARM.Collect$$libinit$$00000016)
    __rt_lib_init_alloca_1                   0x0800020f   Thumb Code     0  libinit2.o(.ARM.Collect$$libinit$$0000002E)
    __rt_lib_init_argv_1                     0x0800020f   Thumb Code     0  libinit2.o(.ARM.Collect$$libinit$$0000002C)
    __rt_lib_init_atexit_1                   0x0800020f   Thumb Code     0  libinit2.o(.ARM.Collect$$libinit$$0000001B)
    __rt_lib_init_clock_1                    0x0800020f   Thumb Code     0  libinit2.o(.ARM.Collect$$libinit$$00000021)
    __rt_lib_init_cpp_1                      0x0800020f   Thumb Code     0  libinit2.o(.ARM.Collect$$libinit$$00000032)
    __rt_lib_init_exceptions_1               0x0800020f   Thumb Code     0  libinit2.o(.ARM.Collect$$libinit$$00000030)
    __rt_lib_init_fp_trap_1                  0x0800020f   Thumb Code     0  libinit2.o(.ARM.Collect$$libinit$$0000001F)
    __rt_lib_init_getenv_1                   0x0800020f   Thumb Code     0  libinit2.o(.ARM.Collect$$libinit$$00000023)
    __rt_lib_init_lc_numeric_1               0x0800020f   Thumb Code     0  libinit2.o(.ARM.Collect$$libinit$$00000017)
    __rt_lib_init_lc_time_1                  0x0800020f   Thumb Code     0  libinit2.o(.ARM.Collect$$libinit$$00000019)
    __rt_lib_init_return                     0x0800020f   Thumb Code     0  libinit2.o(.ARM.Collect$$libinit$$00000033)
    __rt_lib_init_signal_1                   0x0800020f   Thumb Code     0  libinit2.o(.ARM.Collect$$libinit$$0000001D)
    __rt_lib_init_stdio_1                    0x0800020f   Thumb Code     0  libinit2.o(.ARM.Collect$$libinit$$00000025)
    __rt_lib_shutdown                        0x08000211   Thumb Code     0  libshutdown.o(.ARM.Collect$$libshutdown$$00000000)
    __rt_lib_shutdown_cpp_1                  0x08000213   Thumb Code     0  libshutdown2.o(.ARM.Collect$$libshutdown$$00000002)
    __rt_lib_shutdown_fp_trap_1              0x08000213   Thumb Code     0  libshutdown2.o(.ARM.Collect$$libshutdown$$00000007)
    __rt_lib_shutdown_heap_1                 0x08000213   Thumb Code     0  libshutdown2.o(.ARM.Collect$$libshutdown$$0000000F)
    __rt_lib_shutdown_return                 0x08000213   Thumb Code     0  libshutdown2.o(.ARM.Collect$$libshutdown$$00000010)
    __rt_lib_shutdown_signal_1               0x08000213   Thumb Code     0  libshutdown2.o(.ARM.Collect$$libshutdown$$0000000A)
    __rt_lib_shutdown_stdio_1                0x08000213   Thumb Code     0  libshutdown2.o(.ARM.Collect$$libshutdown$$00000004)
    __rt_lib_shutdown_user_alloc_1           0x08000213   Thumb Code     0  libshutdown2.o(.ARM.Collect$$libshutdown$$0000000C)
    __rt_entry                               0x08000215   Thumb Code     0  __rtentry.o(.ARM.Collect$$rtentry$$00000000)
    __rt_entry_presh_1                       0x08000215   Thumb Code     0  __rtentry2.o(.ARM.Collect$$rtentry$$00000002)
    __rt_entry_sh                            0x08000215   Thumb Code     0  __rtentry4.o(.ARM.Collect$$rtentry$$00000004)
    __rt_entry_li                            0x0800021b   Thumb Code     0  __rtentry2.o(.ARM.Collect$$rtentry$$0000000A)
    __rt_entry_postsh_1                      0x0800021b   Thumb Code     0  __rtentry2.o(.ARM.Collect$$rtentry$$00000009)
    __rt_entry_main                          0x0800021f   Thumb Code     0  __rtentry2.o(.ARM.Collect$$rtentry$$0000000D)
    __rt_entry_postli_1                      0x0800021f   Thumb Code     0  __rtentry2.o(.ARM.Collect$$rtentry$$0000000C)
    __rt_exit                                0x08000227   Thumb Code     0  rtexit.o(.ARM.Collect$$rtexit$$00000000)
    __rt_exit_ls                             0x08000229   Thumb Code     0  rtexit2.o(.ARM.Collect$$rtexit$$00000003)
    __rt_exit_prels_1                        0x08000229   Thumb Code     0  rtexit2.o(.ARM.Collect$$rtexit$$00000002)
    __rt_exit_exit                           0x0800022d   Thumb Code     0  rtexit2.o(.ARM.Collect$$rtexit$$00000004)
    SVC_Handler                              0x08000235   Thumb Code    32  port.o(.emb_text)
    __asm___6_port_c_39a90d8d__prvStartFirstTask 0x08000259   Thumb Code    28  port.o(.emb_text)
    PendSV_Handler                           0x08000279   Thumb Code    72  port.o(.emb_text)
    vPortGetIPSR                             0x080002c5   Thumb Code     6  port.o(.emb_text)
    Reset_Handler                            0x080002cd   Thumb Code     8  startup_stm32f103xb.o(.text)
    ADC1_2_IRQHandler                        0x080002e7   Thumb Code     0  startup_stm32f103xb.o(.text)
    CAN1_RX1_IRQHandler                      0x080002e7   Thumb Code     0  startup_stm32f103xb.o(.text)
    CAN1_SCE_IRQHandler                      0x080002e7   Thumb Code     0  startup_stm32f103xb.o(.text)
    DMA1_Channel1_IRQHandler                 0x080002e7   Thumb Code     0  startup_stm32f103xb.o(.text)
    DMA1_Channel2_IRQHandler                 0x080002e7   Thumb Code     0  startup_stm32f103xb.o(.text)
    DMA1_Channel3_IRQHandler                 0x080002e7   Thumb Code     0  startup_stm32f103xb.o(.text)
    DMA1_Channel4_IRQHandler                 0x080002e7   Thumb Code     0  startup_stm32f103xb.o(.text)
    DMA1_Channel5_IRQHandler                 0x080002e7   Thumb Code     0  startup_stm32f103xb.o(.text)
    DMA1_Channel6_IRQHandler                 0x080002e7   Thumb Code     0  startup_stm32f103xb.o(.text)
    DMA1_Channel7_IRQHandler                 0x080002e7   Thumb Code     0  startup_stm32f103xb.o(.text)
    EXTI0_IRQHandler                         0x080002e7   Thumb Code     0  startup_stm32f103xb.o(.text)
    EXTI15_10_IRQHandler                     0x080002e7   Thumb Code     0  startup_stm32f103xb.o(.text)
    EXTI1_IRQHandler                         0x080002e7   Thumb Code     0  startup_stm32f103xb.o(.text)
    EXTI2_IRQHandler                         0x080002e7   Thumb Code     0  startup_stm32f103xb.o(.text)
    EXTI3_IRQHandler                         0x080002e7   Thumb Code     0  startup_stm32f103xb.o(.text)
    EXTI4_IRQHandler                         0x080002e7   Thumb Code     0  startup_stm32f103xb.o(.text)
    EXTI9_5_IRQHandler                       0x080002e7   Thumb Code     0  startup_stm32f103xb.o(.text)
    FLASH_IRQHandler                         0x080002e7   Thumb Code     0  startup_stm32f103xb.o(.text)
    I2C1_ER_IRQHandler                       0x080002e7   Thumb Code     0  startup_stm32f103xb.o(.text)
    I2C1_EV_IRQHandler                       0x080002e7   Thumb Code     0  startup_stm32f103xb.o(.text)
    I2C2_ER_IRQHandler                       0x080002e7   Thumb Code     0  startup_stm32f103xb.o(.text)
    I2C2_EV_IRQHandler                       0x080002e7   Thumb Code     0  startup_stm32f103xb.o(.text)
    PVD_IRQHandler                           0x080002e7   Thumb Code     0  startup_stm32f103xb.o(.text)
    RCC_IRQHandler                           0x080002e7   Thumb Code     0  startup_stm32f103xb.o(.text)
    RTC_Alarm_IRQHandler                     0x080002e7   Thumb Code     0  startup_stm32f103xb.o(.text)
    RTC_IRQHandler                           0x080002e7   Thumb Code     0  startup_stm32f103xb.o(.text)
    SPI1_IRQHandler                          0x080002e7   Thumb Code     0  startup_stm32f103xb.o(.text)
    SPI2_IRQHandler                          0x080002e7   Thumb Code     0  startup_stm32f103xb.o(.text)
    TAMPER_IRQHandler                        0x080002e7   Thumb Code     0  startup_stm32f103xb.o(.text)
    TIM1_BRK_IRQHandler                      0x080002e7   Thumb Code     0  startup_stm32f103xb.o(.text)
    TIM1_CC_IRQHandler                       0x080002e7   Thumb Code     0  startup_stm32f103xb.o(.text)
    TIM1_TRG_COM_IRQHandler                  0x080002e7   Thumb Code     0  startup_stm32f103xb.o(.text)
    TIM1_UP_IRQHandler                       0x080002e7   Thumb Code     0  startup_stm32f103xb.o(.text)
    TIM2_IRQHandler                          0x080002e7   Thumb Code     0  startup_stm32f103xb.o(.text)
    TIM3_IRQHandler                          0x080002e7   Thumb Code     0  startup_stm32f103xb.o(.text)
    TIM4_IRQHandler                          0x080002e7   Thumb Code     0  startup_stm32f103xb.o(.text)
    USART1_IRQHandler                        0x080002e7   Thumb Code     0  startup_stm32f103xb.o(.text)
    USART2_IRQHandler                        0x080002e7   Thumb Code     0  startup_stm32f103xb.o(.text)
    USART3_IRQHandler                        0x080002e7   Thumb Code     0  startup_stm32f103xb.o(.text)
    USBWakeUp_IRQHandler                     0x080002e7   Thumb Code     0  startup_stm32f103xb.o(.text)
    USB_HP_CAN1_TX_IRQHandler                0x080002e7   Thumb Code     0  startup_stm32f103xb.o(.text)
    USB_LP_CAN1_RX0_IRQHandler               0x080002e7   Thumb Code     0  startup_stm32f103xb.o(.text)
    WWDG_IRQHandler                          0x080002e7   Thumb Code     0  startup_stm32f103xb.o(.text)
    __user_initial_stackheap                 0x080002e9   Thumb Code     0  startup_stm32f103xb.o(.text)
    vsnprintf                                0x0800030d   Thumb Code    48  vsnprintf.o(.text)
    __2sprintf                               0x08000341   Thumb Code    38  __2sprintf.o(.text)
    _printf_pre_padding                      0x0800036d   Thumb Code    44  _printf_pad.o(.text)
    _printf_post_padding                     0x08000399   Thumb Code    34  _printf_pad.o(.text)
    _printf_str                              0x080003bb   Thumb Code    82  _printf_str.o(.text)
    _printf_int_dec                          0x0800040d   Thumb Code   104  _printf_dec.o(.text)
    _printf_longlong_hex                     0x08000485   Thumb Code    86  _printf_hex_int_ll_ptr.o(.text)
    _printf_int_hex                          0x080004db   Thumb Code    28  _printf_hex_int_ll_ptr.o(.text)
    _printf_ll_hex                           0x080004f7   Thumb Code    12  _printf_hex_int_ll_ptr.o(.text)
    _printf_hex_ptr                          0x08000503   Thumb Code    18  _printf_hex_int_ll_ptr.o(.text)
    __printf                                 0x08000519   Thumb Code   388  __printf_flags_ss_wp.o(.text)
    strlen                                   0x080006a1   Thumb Code    62  strlen.o(.text)
    __aeabi_memcpy                           0x080006df   Thumb Code     0  rt_memcpy_v6.o(.text)
    __rt_memcpy                              0x080006df   Thumb Code   138  rt_memcpy_v6.o(.text)
    _memcpy_lastbytes                        0x08000745   Thumb Code     0  rt_memcpy_v6.o(.text)
    __aeabi_memcpy4                          0x08000769   Thumb Code     0  rt_memcpy_w.o(.text)
    __aeabi_memcpy8                          0x08000769   Thumb Code     0  rt_memcpy_w.o(.text)
    __rt_memcpy_w                            0x08000769   Thumb Code   100  rt_memcpy_w.o(.text)
    _memcpy_lastbytes_aligned                0x080007b1   Thumb Code     0  rt_memcpy_w.o(.text)
    __aeabi_memset                           0x080007cd   Thumb Code    16  aeabi_memset.o(.text)
    __aeabi_memclr4                          0x080007dd   Thumb Code     0  rt_memclr_w.o(.text)
    __aeabi_memclr8                          0x080007dd   Thumb Code     0  rt_memclr_w.o(.text)
    __rt_memclr_w                            0x080007dd   Thumb Code    78  rt_memclr_w.o(.text)
    _memset_w                                0x080007e1   Thumb Code     0  rt_memclr_w.o(.text)
    __use_two_region_memory                  0x0800082b   Thumb Code     2  heapauxi.o(.text)
    __rt_heap_escrow$2region                 0x0800082d   Thumb Code     2  heapauxi.o(.text)
    __rt_heap_expand$2region                 0x0800082f   Thumb Code     2  heapauxi.o(.text)
    _printf_truncate_signed                  0x08000831   Thumb Code    18  _printf_truncate.o(.text)
    _printf_truncate_unsigned                0x08000843   Thumb Code    18  _printf_truncate.o(.text)
    _printf_int_common                       0x08000855   Thumb Code   178  _printf_intcommon.o(.text)
    _printf_charcount                        0x08000907   Thumb Code    40  _printf_charcount.o(.text)
    _printf_char_common                      0x0800093b   Thumb Code    32  _printf_char_common.o(.text)
    _sputc                                   0x08000961   Thumb Code    10  _sputc.o(.text)
    _snputc                                  0x0800096b   Thumb Code    16  _snputc.o(.text)
    _printf_cs_common                        0x0800097b   Thumb Code    20  _printf_char.o(.text)
    _printf_char                             0x0800098f   Thumb Code    16  _printf_char.o(.text)
    _printf_string                           0x0800099f   Thumb Code     8  _printf_char.o(.text)
    _printf_wctomb                           0x080009a9   Thumb Code   182  _printf_wctomb.o(.text)
    _printf_longlong_dec                     0x08000a65   Thumb Code   108  _printf_longlong_dec.o(.text)
    _printf_longlong_oct                     0x08000ae1   Thumb Code    66  _printf_oct_int_ll.o(.text)
    _printf_int_oct                          0x08000b23   Thumb Code    24  _printf_oct_int_ll.o(.text)
    _printf_ll_oct                           0x08000b3b   Thumb Code    12  _printf_oct_int_ll.o(.text)
    __aeabi_memclr                           0x08000b51   Thumb Code     0  rt_memclr.o(.text)
    __rt_memclr                              0x08000b51   Thumb Code    68  rt_memclr.o(.text)
    _memset                                  0x08000b55   Thumb Code     0  rt_memclr.o(.text)
    _ll_udiv10                               0x08000b95   Thumb Code   138  lludiv10.o(.text)
    __lib_sel_fp_printf                      0x08000c1f   Thumb Code     2  _printf_fp_dec.o(.text)
    _printf_fp_dec_real                      0x08000dd1   Thumb Code   620  _printf_fp_dec.o(.text)
    _printf_fp_hex_real                      0x0800103d   Thumb Code   756  _printf_fp_hex.o(.text)
    _printf_lcs_common                       0x08001339   Thumb Code    20  _printf_wchar.o(.text)
    _printf_wchar                            0x0800134d   Thumb Code    16  _printf_wchar.o(.text)
    _printf_wstring                          0x0800135d   Thumb Code     8  _printf_wchar.o(.text)
    _wcrtomb                                 0x08001365   Thumb Code    64  _wcrtomb.o(.text)
    __user_setup_stackheap                   0x080013a5   Thumb Code    74  sys_stackheap_outer.o(.text)
    __rt_ctype_table                         0x080013f1   Thumb Code    16  rt_ctype_table.o(.text)
    __rt_locale                              0x08001401   Thumb Code     8  rt_locale_intlibspace.o(.text)
    _printf_fp_infnan                        0x08001409   Thumb Code   112  _printf_fp_infnan.o(.text)
    _btod_etento                             0x08001489   Thumb Code   224  bigflt0.o(.text)
    exit                                     0x0800156d   Thumb Code    18  exit.o(.text)
    __user_libspace                          0x08001581   Thumb Code     8  libspace.o(.text)
    __user_perproc_libspace                  0x08001581   Thumb Code     0  libspace.o(.text)
    __user_perthread_libspace                0x08001581   Thumb Code     0  libspace.o(.text)
    strcmp                                   0x08001589   Thumb Code   128  strcmpv7m.o(.text)
    _sys_exit                                0x08001609   Thumb Code     8  sys_exit.o(.text)
    __I$use$semihosting                      0x08001615   Thumb Code     0  use_no_semi.o(.text)
    __use_no_semihosting_swi                 0x08001615   Thumb Code     2  use_no_semi.o(.text)
    __semihosting_library_function           0x08001617   Thumb Code     0  indicate_semi.o(.text)
    _btod_d2e                                0x08001617   Thumb Code    62  btod.o(CL$$btod_d2e)
    _d2e_denorm_low                          0x08001655   Thumb Code    70  btod.o(CL$$btod_d2e_denorm_low)
    _d2e_norm_op1                            0x0800169b   Thumb Code    96  btod.o(CL$$btod_d2e_norm_op1)
    __btod_div_common                        0x080016fb   Thumb Code   696  btod.o(CL$$btod_div_common)
    _e2e                                     0x08001a33   Thumb Code   220  btod.o(CL$$btod_e2e)
    _btod_ediv                               0x08001b0f   Thumb Code    42  btod.o(CL$$btod_ediv)
    _btod_emul                               0x08001b39   Thumb Code    42  btod.o(CL$$btod_emul)
    __btod_mult_common                       0x08001b63   Thumb Code   580  btod.o(CL$$btod_mult_common)
    BCD_to_Dec                               0x08001da7   Thumb Code    18  main.o(i.BCD_to_Dec)
    Btn_handle                               0x08001db9   Thumb Code   142  button.o(i.Btn_handle)
    BusFault_Handler                         0x08001e47   Thumb Code     2  stm32f1xx_it.o(i.BusFault_Handler)
    Button_init                              0x08001e49   Thumb Code    14  button.o(i.Button_init)
    DHT11_Delay_ms                           0x08001e57   Thumb Code    28  dht11.o(i.DHT11_Delay_ms)
    DHT11_Delay_us                           0x08001e75   Thumb Code    22  dht11.o(i.DHT11_Delay_us)
    DHT11_Set_input                          0x08001e91   Thumb Code    24  dht11.o(i.DHT11_Set_input)
    DHT11_Set_output                         0x08001ea9   Thumb Code    22  dht11.o(i.DHT11_Set_output)
    DHT11_check_response                     0x08001ebf   Thumb Code    62  dht11.o(i.DHT11_check_response)
    DHT11_handle                             0x08001efd   Thumb Code   104  dht11.o(i.DHT11_handle)
    DHT11_init                               0x08001f65   Thumb Code    30  dht11.o(i.DHT11_init)
    DHT11_read_byte                          0x08001f89   Thumb Code    86  dht11.o(i.DHT11_read_byte)
    DHT11_send_start                         0x08001fdf   Thumb Code    64  dht11.o(i.DHT11_send_start)
    DebugMon_Handler                         0x08002061   Thumb Code     2  stm32f1xx_it.o(i.DebugMon_Handler)
    Dec_to_BCD                               0x08002063   Thumb Code    22  main.o(i.Dec_to_BCD)
    HAL_GPIO_Init                            0x08002079   Thumb Code   446  stm32f1xx_hal_gpio.o(i.HAL_GPIO_Init)
    HAL_GPIO_ReadPin                         0x08002259   Thumb Code    10  stm32f1xx_hal_gpio.o(i.HAL_GPIO_ReadPin)
    HAL_GPIO_WritePin                        0x08002263   Thumb Code    10  stm32f1xx_hal_gpio.o(i.HAL_GPIO_WritePin)
    HAL_GetTick                              0x0800226d   Thumb Code     6  stm32f1xx_hal.o(i.HAL_GetTick)
    HAL_I2C_Init                             0x08002279   Thumb Code   376  stm32f1xx_hal_i2c.o(i.HAL_I2C_Init)
    HAL_I2C_IsDeviceReady                    0x08002401   Thumb Code   354  stm32f1xx_hal_i2c.o(i.HAL_I2C_IsDeviceReady)
    HAL_I2C_Master_Receive                   0x0800256d   Thumb Code   576  stm32f1xx_hal_i2c.o(i.HAL_I2C_Master_Receive)
    HAL_I2C_Master_Transmit                  0x080027bd   Thumb Code   290  stm32f1xx_hal_i2c.o(i.HAL_I2C_Master_Transmit)
    HAL_I2C_MspInit                          0x080028e9   Thumb Code   134  stm32f1xx_hal_msp.o(i.HAL_I2C_MspInit)
    HAL_IncTick                              0x08002981   Thumb Code    12  stm32f1xx_hal.o(i.HAL_IncTick)
    HAL_Init                                 0x08002991   Thumb Code    32  stm32f1xx_hal.o(i.HAL_Init)
    HAL_InitTick                             0x080029b5   Thumb Code    54  stm32f1xx_hal.o(i.HAL_InitTick)
    HAL_MspInit                              0x080029f5   Thumb Code    62  stm32f1xx_hal_msp.o(i.HAL_MspInit)
    HAL_NVIC_SetPriority                     0x08002a3d   Thumb Code    60  stm32f1xx_hal_cortex.o(i.HAL_NVIC_SetPriority)
    HAL_NVIC_SetPriorityGrouping             0x08002a7d   Thumb Code    26  stm32f1xx_hal_cortex.o(i.HAL_NVIC_SetPriorityGrouping)
    HAL_RCC_ClockConfig                      0x08002aa1   Thumb Code   280  stm32f1xx_hal_rcc.o(i.HAL_RCC_ClockConfig)
    HAL_RCC_GetPCLK1Freq                     0x08002bcd   Thumb Code    20  stm32f1xx_hal_rcc.o(i.HAL_RCC_GetPCLK1Freq)
    HAL_RCC_GetPCLK2Freq                     0x08002bed   Thumb Code    20  stm32f1xx_hal_rcc.o(i.HAL_RCC_GetPCLK2Freq)
    HAL_RCC_GetSysClockFreq                  0x08002c0d   Thumb Code    58  stm32f1xx_hal_rcc.o(i.HAL_RCC_GetSysClockFreq)
    HAL_RCC_OscConfig                        0x08002c59   Thumb Code   778  stm32f1xx_hal_rcc.o(i.HAL_RCC_OscConfig)
    HAL_SYSTICK_Config                       0x08002f79   Thumb Code    40  stm32f1xx_hal_cortex.o(i.HAL_SYSTICK_Config)
    HAL_TIMEx_MasterConfigSynchronization    0x08002fa1   Thumb Code    92  stm32f1xx_hal_tim_ex.o(i.HAL_TIMEx_MasterConfigSynchronization)
    HAL_TIM_Base_Init                        0x08003009   Thumb Code    90  stm32f1xx_hal_tim.o(i.HAL_TIM_Base_Init)
    HAL_TIM_Base_MspInit                     0x08003065   Thumb Code    30  stm32f1xx_hal_msp.o(i.HAL_TIM_Base_MspInit)
    HAL_TIM_Base_Start                       0x08003089   Thumb Code    66  stm32f1xx_hal_tim.o(i.HAL_TIM_Base_Start)
    HAL_TIM_ConfigClockSource                0x080030d9   Thumb Code   220  stm32f1xx_hal_tim.o(i.HAL_TIM_ConfigClockSource)
    HAL_UART_Init                            0x080031b5   Thumb Code   100  stm32f1xx_hal_uart.o(i.HAL_UART_Init)
    HAL_UART_MspInit                         0x08003219   Thumb Code   100  stm32f1xx_hal_msp.o(i.HAL_UART_MspInit)
    HAL_UART_Transmit                        0x08003289   Thumb Code   160  stm32f1xx_hal_uart.o(i.HAL_UART_Transmit)
    HardFault_Handler                        0x08003329   Thumb Code     2  stm32f1xx_it.o(i.HardFault_Handler)
    I2C_Scan                                 0x080034e1   Thumb Code    62  main.o(i.I2C_Scan)
    MemManage_Handler                        0x080038bd   Thumb Code     2  stm32f1xx_it.o(i.MemManage_Handler)
    NMI_Handler                              0x080038bf   Thumb Code     2  stm32f1xx_it.o(i.NMI_Handler)
    Print_uart                               0x080038c1   Thumb Code    54  main.o(i.Print_uart)
    RTC_alarm_check                          0x080038fd   Thumb Code    92  main.o(i.RTC_alarm_check)
    RTC_change_val                           0x08003961   Thumb Code    36  main.o(i.RTC_change_val)
    RTC_check_leap_year                      0x08003985   Thumb Code    38  main.o(i.RTC_check_leap_year)
    RTC_display                              0x080039ad   Thumb Code   216  main.o(i.RTC_display)
    RTC_get_day_of_month                     0x08003ad9   Thumb Code    48  main.o(i.RTC_get_day_of_month)
    RTC_get_day_of_week                      0x08003b09   Thumb Code    94  main.o(i.RTC_get_day_of_week)
    RTC_handle                               0x08003b69   Thumb Code    52  main.o(i.RTC_handle)
    RTC_read                                 0x08003ba1   Thumb Code   112  main.o(i.RTC_read)
    RTC_set_alarm_value                      0x08003c15   Thumb Code   156  main.o(i.RTC_set_alarm_value)
    RTC_set_time_value                       0x08003cd1   Thumb Code   252  main.o(i.RTC_set_time_value)
    RTC_value_button_handle                  0x08003e01   Thumb Code   166  main.o(i.RTC_value_button_handle)
    RTC_write                                0x08003ead   Thumb Code    98  main.o(i.RTC_write)
    SSD1306_Clear                            0x08003f15   Thumb Code    16  ssd1306.o(i.SSD1306_Clear)
    SSD1306_DrawPixel                        0x08003f25   Thumb Code    54  ssd1306.o(i.SSD1306_DrawPixel)
    SSD1306_Fill                             0x08003f65   Thumb Code    18  ssd1306.o(i.SSD1306_Fill)
    SSD1306_GotoXY                           0x08003f7d   Thumb Code     8  ssd1306.o(i.SSD1306_GotoXY)
    SSD1306_Putc                             0x08003f89   Thumb Code   156  ssd1306.o(i.SSD1306_Putc)
    SSD1306_Puts                             0x08004029   Thumb Code    40  ssd1306.o(i.SSD1306_Puts)
    SSD1306_UpdateScreen                     0x08004051   Thumb Code    66  ssd1306.o(i.SSD1306_UpdateScreen)
    Start_Button_Task                        0x08004099   Thumb Code    38  main.o(i.Start_Button_Task)
    Start_Temp_Humid_Task                    0x080040c5   Thumb Code    70  main.o(i.Start_Temp_Humid_Task)
    Start_Time_Task                          0x08004151   Thumb Code    58  main.o(i.Start_Time_Task)
    SysTick_Handler                          0x08004195   Thumb Code    24  stm32f1xx_it.o(i.SysTick_Handler)
    SystemClock_Config                       0x080041ad   Thumb Code    92  main.o(i.SystemClock_Config)
    SystemInit                               0x08004209   Thumb Code     2  system_stm32f1xx.o(i.SystemInit)
    TIM_Base_SetConfig                       0x0800420d   Thumb Code   108  stm32f1xx_hal_tim.o(i.TIM_Base_SetConfig)
    TIM_ETR_SetConfig                        0x08004285   Thumb Code    20  stm32f1xx_hal_tim.o(i.TIM_ETR_SetConfig)
    UsageFault_Handler                       0x08004467   Thumb Code     2  stm32f1xx_it.o(i.UsageFault_Handler)
    __ARM_fpclassify                         0x08004469   Thumb Code    40  fpclassify.o(i.__ARM_fpclassify)
    _is_digit                                0x080044b1   Thumb Code    14  __printf_wp.o(i._is_digit)
    btn_release_callback                     0x080044bf   Thumb Code     2  button.o(i.btn_release_callback)
    btnpress_callback                        0x080044c1   Thumb Code    26  main.o(i.btnpress_callback)
    long_press_callback                      0x080044ed   Thumb Code    18  main.o(i.long_press_callback)
    main                                     0x08004509   Thumb Code   276  main.o(i.main)
    osDelay                                  0x08004655   Thumb Code    14  cmsis_os.o(i.osDelay)
    osKernelStart                            0x08004663   Thumb Code    10  cmsis_os.o(i.osKernelStart)
    osMutexCreate                            0x0800466d   Thumb Code    16  cmsis_os.o(i.osMutexCreate)
    osMutexRelease                           0x0800467d   Thumb Code    74  cmsis_os.o(i.osMutexRelease)
    osMutexWait                              0x080046cd   Thumb Code    96  cmsis_os.o(i.osMutexWait)
    osThreadCreate                           0x08004731   Thumb Code    84  cmsis_os.o(i.osThreadCreate)
    pvPortMalloc                             0x08004c19   Thumb Code   216  heap_4.o(i.pvPortMalloc)
    pvTaskIncrementMutexHeldCount            0x08004cf5   Thumb Code    18  tasks.o(i.pvTaskIncrementMutexHeldCount)
    pxPortInitialiseStack                    0x08004d0d   Thumb Code    32  port.o(i.pxPortInitialiseStack)
    short_press_callback                     0x08004d31   Thumb Code    86  main.o(i.short_press_callback)
    ssd1306_I2C_Write                        0x08004d91   Thumb Code    28  ssd1306.o(i.ssd1306_I2C_Write)
    ssd1306_I2C_WriteMulti                   0x08004db1   Thumb Code    50  ssd1306.o(i.ssd1306_I2C_WriteMulti)
    uxListRemove                             0x08004de9   Thumb Code    38  list.o(i.uxListRemove)
    vApplicationGetIdleTaskMemory            0x08004e11   Thumb Code    16  freertos.o(i.vApplicationGetIdleTaskMemory)
    vListInitialise                          0x08004e25   Thumb Code    22  list.o(i.vListInitialise)
    vListInitialiseItem                      0x08004e3b   Thumb Code     6  list.o(i.vListInitialiseItem)
    vListInsert                              0x08004e41   Thumb Code    48  list.o(i.vListInsert)
    vListInsertEnd                           0x08004e71   Thumb Code    24  list.o(i.vListInsertEnd)
    vPortEnterCritical                       0x08004e89   Thumb Code    54  port.o(i.vPortEnterCritical)
    vPortExitCritical                        0x08004ec9   Thumb Code    34  port.o(i.vPortExitCritical)
    vPortFree                                0x08004ef1   Thumb Code    94  heap_4.o(i.vPortFree)
    vPortSetupTimerInterrupt                 0x08004f55   Thumb Code    32  port.o(i.vPortSetupTimerInterrupt)
    vPortValidateInterruptPriority           0x08004f79   Thumb Code    74  port.o(i.vPortValidateInterruptPriority)
    vTaskDelay                               0x08004fcd   Thumb Code    66  tasks.o(i.vTaskDelay)
    vTaskInternalSetTimeOutState             0x08005019   Thumb Code    12  tasks.o(i.vTaskInternalSetTimeOutState)
    vTaskMissedYield                         0x08005029   Thumb Code     8  tasks.o(i.vTaskMissedYield)
    vTaskPlaceOnEventList                    0x08005035   Thumb Code    44  tasks.o(i.vTaskPlaceOnEventList)
    vTaskPriorityDisinheritAfterTimeout      0x08005065   Thumb Code   152  tasks.o(i.vTaskPriorityDisinheritAfterTimeout)
    vTaskStartScheduler                      0x08005105   Thumb Code    90  tasks.o(i.vTaskStartScheduler)
    vTaskSuspendAll                          0x08005171   Thumb Code    10  tasks.o(i.vTaskSuspendAll)
    vTaskSwitchContext                       0x08005181   Thumb Code    82  tasks.o(i.vTaskSwitchContext)
    xPortStartScheduler                      0x080051dd   Thumb Code   154  port.o(i.xPortStartScheduler)
    xPortSysTickHandler                      0x08005285   Thumb Code    38  port.o(i.xPortSysTickHandler)
    xQueueCreateMutex                        0x080052b1   Thumb Code    22  queue.o(i.xQueueCreateMutex)
    xQueueCreateMutexStatic                  0x080052c7   Thumb Code    26  queue.o(i.xQueueCreateMutexStatic)
    xQueueGenericCreate                      0x080052e1   Thumb Code    66  queue.o(i.xQueueGenericCreate)
    xQueueGenericCreateStatic                0x08005323   Thumb Code   102  queue.o(i.xQueueGenericCreateStatic)
    xQueueGenericReset                       0x08005389   Thumb Code   132  queue.o(i.xQueueGenericReset)
    xQueueGenericSend                        0x08005411   Thumb Code   346  queue.o(i.xQueueGenericSend)
    xQueueGiveFromISR                        0x08005571   Thumb Code   156  queue.o(i.xQueueGiveFromISR)
    xQueueReceiveFromISR                     0x0800560d   Thumb Code   154  queue.o(i.xQueueReceiveFromISR)
    xQueueSemaphoreTake                      0x080056a9   Thumb Code   372  queue.o(i.xQueueSemaphoreTake)
    xTaskCheckForTimeOut                     0x08005821   Thumb Code   112  tasks.o(i.xTaskCheckForTimeOut)
    xTaskCreate                              0x08005895   Thumb Code    90  tasks.o(i.xTaskCreate)
    xTaskCreateStatic                        0x080058ef   Thumb Code    86  tasks.o(i.xTaskCreateStatic)
    xTaskGetSchedulerState                   0x08005945   Thumb Code    22  tasks.o(i.xTaskGetSchedulerState)
    xTaskIncrementTick                       0x08005961   Thumb Code   194  tasks.o(i.xTaskIncrementTick)
    xTaskPriorityDisinherit                  0x08005a2d   Thumb Code   144  tasks.o(i.xTaskPriorityDisinherit)
    xTaskPriorityInherit                     0x08005ac5   Thumb Code   130  tasks.o(i.xTaskPriorityInherit)
    xTaskRemoveFromEventList                 0x08005b51   Thumb Code   108  tasks.o(i.xTaskRemoveFromEventList)
    xTaskResumeAll                           0x08005bc5   Thumb Code   182  tasks.o(i.xTaskResumeAll)
    _get_lc_numeric                          0x08005c89   Thumb Code    44  lc_numeric_c.o(locale$$code)
    _get_lc_ctype                            0x08005cb5   Thumb Code    44  lc_ctype_c.o(locale$$code)
    _printf_fp_dec                           0x08005ce1   Thumb Code     4  printf1.o(x$fpl$printf1)
    _printf_fp_hex                           0x08005ce5   Thumb Code     4  printf2.o(x$fpl$printf2)
    __I$use$fp                               0x08005ce8   Number         0  usenofp.o(x$fpl$usenofp)
    dow_arr                                  0x08005ce8   Data          28  main.o(.constdata)
    AHBPrescTable                            0x08005d6a   Data          16  system_stm32f1xx.o(.constdata)
    APBPrescTable                            0x08005d7a   Data           8  system_stm32f1xx.o(.constdata)
    Font7x10                                 0x08005d82   Data        1900  fonts.o(.constdata)
    Font11x18                                0x080064ee   Data        3420  fonts.o(.constdata)
    Region$$Table$$Base                      0x08007370   Number         0  anon$$obj.o(Region$$Table)
    Region$$Table$$Limit                     0x08007390   Number         0  anon$$obj.o(Region$$Table)
    __ctype                                  0x080073b9   Data           0  lc_ctype_c.o(locale$$data)
    oled_clear_request                       0x20000000   Data           1  main.o(.data)
    clock_state                              0x20000001   Data           1  main.o(.data)
    alarm_hour                               0x20000002   Data           1  main.o(.data)
    alarm_min                                0x20000005   Data           1  main.o(.data)
    alarm_status                             0x20000006   Data           1  main.o(.data)
    Temp_Humid_TaskHandle                    0x20000018   Data           4  main.o(.data)
    Time_TaskHandle                          0x2000001c   Data           4  main.o(.data)
    Button_TaskHandle                        0x20000020   Data           4  main.o(.data)
    i2cMutex_handle                          0x20000024   Data           4  main.o(.data)
    dht11_val                                0x20000028   Data           5  main.o(.data)
    data_set                                 0x2000002d   Data           7  main.o(.data)
    uwTickFreq                               0x20000034   Data           1  stm32f1xx_hal.o(.data)
    uwTickPrio                               0x20000038   Data           4  stm32f1xx_hal.o(.data)
    uwTick                                   0x2000003c   Data           4  stm32f1xx_hal.o(.data)
    SystemCoreClock                          0x20000040   Data           4  system_stm32f1xx.o(.data)
    Font_7x10                                0x20000044   Data           8  fonts.o(.data)
    Font_11x18                               0x2000004c   Data           8  fonts.o(.data)
    htim                                     0x2000005c   Data           4  dht11.o(.data)
    pxCurrentTCB                             0x20000060   Data           4  tasks.o(.data)
    hi2c1                                    0x200000c8   Data          84  main.o(.bss)
    hi2c2                                    0x2000011c   Data          84  main.o(.bss)
    htim2                                    0x20000170   Data          72  main.o(.bss)
    huart1                                   0x200001b8   Data          72  main.o(.bss)
    btn_function                             0x20000200   Data          28  main.o(.bss)
    btn_up                                   0x2000021c   Data          28  main.o(.bss)
    btn_down                                 0x20000238   Data          28  main.o(.bss)
    btn_confirm                              0x20000254   Data          28  main.o(.bss)
    buff_uart                                0x20000270   Data          40  main.o(.bss)
    __libspace_start                         0x200015dc   Data          96  libspace.o(.bss)
    __temporary_stack_top$libspace           0x2000163c   Data           0  libspace.o(.bss)



==============================================================================

Memory Map of the image

  Image Entry point : 0x080000ed

  Load Region LR_IROM1 (Base: 0x08000000, Size: 0x00007584, Max: 0x00010000, ABSOLUTE)

    Execution Region ER_IROM1 (Exec base: 0x08000000, Load base: 0x08000000, Size: 0x000074bc, Max: 0x00010000, ABSOLUTE)

    Exec Addr    Load Addr    Size         Type   Attr      Idx    E Section Name        Object

    0x08000000   0x08000000   0x000000ec   Data   RO            3    RESET               startup_stm32f103xb.o
    0x080000ec   0x080000ec   0x00000008   Code   RO         5071  * !!!main             c_w.l(__main.o)
    0x080000f4   0x080000f4   0x00000034   Code   RO         5343    !!!scatter          c_w.l(__scatter.o)
    0x08000128   0x08000128   0x0000001a   Code   RO         5345    !!handler_copy      c_w.l(__scatter_copy.o)
    0x08000142   0x08000142   0x00000002   PAD
    0x08000144   0x08000144   0x0000001c   Code   RO         5347    !!handler_zi        c_w.l(__scatter_zi.o)
    0x08000160   0x08000160   0x00000000   Code   RO         5056    .ARM.Collect$$_printf_percent$$00000000  c_w.l(_printf_percent.o)
    0x08000160   0x08000160   0x00000006   Code   RO         5100    .ARM.Collect$$_printf_percent$$00000001  c_w.l(_printf_n.o)
    0x08000166   0x08000166   0x00000006   Code   RO         5101    .ARM.Collect$$_printf_percent$$00000002  c_w.l(_printf_p.o)
    0x0800016c   0x0800016c   0x00000006   Code   RO         5105    .ARM.Collect$$_printf_percent$$00000003  c_w.l(_printf_f.o)
    0x08000172   0x08000172   0x00000006   Code   RO         5106    .ARM.Collect$$_printf_percent$$00000004  c_w.l(_printf_e.o)
    0x08000178   0x08000178   0x00000006   Code   RO         5107    .ARM.Collect$$_printf_percent$$00000005  c_w.l(_printf_g.o)
    0x0800017e   0x0800017e   0x00000006   Code   RO         5108    .ARM.Collect$$_printf_percent$$00000006  c_w.l(_printf_a.o)
    0x08000184   0x08000184   0x0000000a   Code   RO         5113    .ARM.Collect$$_printf_percent$$00000007  c_w.l(_printf_ll.o)
    0x0800018e   0x0800018e   0x00000006   Code   RO         5103    .ARM.Collect$$_printf_percent$$00000008  c_w.l(_printf_i.o)
    0x08000194   0x08000194   0x00000006   Code   RO         5055    .ARM.Collect$$_printf_percent$$00000009  c_w.l(_printf_d.o)
    0x0800019a   0x0800019a   0x00000006   Code   RO         5104    .ARM.Collect$$_printf_percent$$0000000A  c_w.l(_printf_u.o)
    0x080001a0   0x080001a0   0x00000006   Code   RO         5102    .ARM.Collect$$_printf_percent$$0000000B  c_w.l(_printf_o.o)
    0x080001a6   0x080001a6   0x00000006   Code   RO         5054    .ARM.Collect$$_printf_percent$$0000000C  c_w.l(_printf_x.o)
    0x080001ac   0x080001ac   0x00000006   Code   RO         5110    .ARM.Collect$$_printf_percent$$0000000D  c_w.l(_printf_lli.o)
    0x080001b2   0x080001b2   0x00000006   Code   RO         5111    .ARM.Collect$$_printf_percent$$0000000E  c_w.l(_printf_lld.o)
    0x080001b8   0x080001b8   0x00000006   Code   RO         5112    .ARM.Collect$$_printf_percent$$0000000F  c_w.l(_printf_llu.o)
    0x080001be   0x080001be   0x00000006   Code   RO         5117    .ARM.Collect$$_printf_percent$$00000010  c_w.l(_printf_llo.o)
    0x080001c4   0x080001c4   0x00000006   Code   RO         5118    .ARM.Collect$$_printf_percent$$00000011  c_w.l(_printf_llx.o)
    0x080001ca   0x080001ca   0x0000000a   Code   RO         5114    .ARM.Collect$$_printf_percent$$00000012  c_w.l(_printf_l.o)
    0x080001d4   0x080001d4   0x00000006   Code   RO         5099    .ARM.Collect$$_printf_percent$$00000013  c_w.l(_printf_c.o)
    0x080001da   0x080001da   0x00000006   Code   RO         5053    .ARM.Collect$$_printf_percent$$00000014  c_w.l(_printf_s.o)
    0x080001e0   0x080001e0   0x00000006   Code   RO         5115    .ARM.Collect$$_printf_percent$$00000015  c_w.l(_printf_lc.o)
    0x080001e6   0x080001e6   0x00000006   Code   RO         5116    .ARM.Collect$$_printf_percent$$00000016  c_w.l(_printf_ls.o)
    0x080001ec   0x080001ec   0x00000004   Code   RO         5109    .ARM.Collect$$_printf_percent$$00000017  c_w.l(_printf_percent_end.o)
    0x080001f0   0x080001f0   0x00000002   Code   RO         5203    .ARM.Collect$$libinit$$00000000  c_w.l(libinit.o)
    0x080001f2   0x080001f2   0x00000000   Code   RO         5220    .ARM.Collect$$libinit$$00000002  c_w.l(libinit2.o)
    0x080001f2   0x080001f2   0x00000000   Code   RO         5222    .ARM.Collect$$libinit$$00000004  c_w.l(libinit2.o)
    0x080001f2   0x080001f2   0x00000000   Code   RO         5225    .ARM.Collect$$libinit$$0000000A  c_w.l(libinit2.o)
    0x080001f2   0x080001f2   0x00000000   Code   RO         5227    .ARM.Collect$$libinit$$0000000C  c_w.l(libinit2.o)
    0x080001f2   0x080001f2   0x00000000   Code   RO         5229    .ARM.Collect$$libinit$$0000000E  c_w.l(libinit2.o)
    0x080001f2   0x080001f2   0x00000006   Code   RO         5230    .ARM.Collect$$libinit$$0000000F  c_w.l(libinit2.o)
    0x080001f8   0x080001f8   0x00000000   Code   RO         5232    .ARM.Collect$$libinit$$00000011  c_w.l(libinit2.o)
    0x080001f8   0x080001f8   0x0000000c   Code   RO         5233    .ARM.Collect$$libinit$$00000012  c_w.l(libinit2.o)
    0x08000204   0x08000204   0x00000000   Code   RO         5234    .ARM.Collect$$libinit$$00000013  c_w.l(libinit2.o)
    0x08000204   0x08000204   0x00000000   Code   RO         5236    .ARM.Collect$$libinit$$00000015  c_w.l(libinit2.o)
    0x08000204   0x08000204   0x0000000a   Code   RO         5237    .ARM.Collect$$libinit$$00000016  c_w.l(libinit2.o)
    0x0800020e   0x0800020e   0x00000000   Code   RO         5238    .ARM.Collect$$libinit$$00000017  c_w.l(libinit2.o)
    0x0800020e   0x0800020e   0x00000000   Code   RO         5240    .ARM.Collect$$libinit$$00000019  c_w.l(libinit2.o)
    0x0800020e   0x0800020e   0x00000000   Code   RO         5242    .ARM.Collect$$libinit$$0000001B  c_w.l(libinit2.o)
    0x0800020e   0x0800020e   0x00000000   Code   RO         5244    .ARM.Collect$$libinit$$0000001D  c_w.l(libinit2.o)
    0x0800020e   0x0800020e   0x00000000   Code   RO         5246    .ARM.Collect$$libinit$$0000001F  c_w.l(libinit2.o)
    0x0800020e   0x0800020e   0x00000000   Code   RO         5248    .ARM.Collect$$libinit$$00000021  c_w.l(libinit2.o)
    0x0800020e   0x0800020e   0x00000000   Code   RO         5250    .ARM.Collect$$libinit$$00000023  c_w.l(libinit2.o)
    0x0800020e   0x0800020e   0x00000000   Code   RO         5252    .ARM.Collect$$libinit$$00000025  c_w.l(libinit2.o)
    0x0800020e   0x0800020e   0x00000000   Code   RO         5256    .ARM.Collect$$libinit$$0000002C  c_w.l(libinit2.o)
    0x0800020e   0x0800020e   0x00000000   Code   RO         5258    .ARM.Collect$$libinit$$0000002E  c_w.l(libinit2.o)
    0x0800020e   0x0800020e   0x00000000   Code   RO         5260    .ARM.Collect$$libinit$$00000030  c_w.l(libinit2.o)
    0x0800020e   0x0800020e   0x00000000   Code   RO         5262    .ARM.Collect$$libinit$$00000032  c_w.l(libinit2.o)
    0x0800020e   0x0800020e   0x00000002   Code   RO         5263    .ARM.Collect$$libinit$$00000033  c_w.l(libinit2.o)
    0x08000210   0x08000210   0x00000002   Code   RO         5283    .ARM.Collect$$libshutdown$$00000000  c_w.l(libshutdown.o)
    0x08000212   0x08000212   0x00000000   Code   RO         5296    .ARM.Collect$$libshutdown$$00000002  c_w.l(libshutdown2.o)
    0x08000212   0x08000212   0x00000000   Code   RO         5298    .ARM.Collect$$libshutdown$$00000004  c_w.l(libshutdown2.o)
    0x08000212   0x08000212   0x00000000   Code   RO         5301    .ARM.Collect$$libshutdown$$00000007  c_w.l(libshutdown2.o)
    0x08000212   0x08000212   0x00000000   Code   RO         5304    .ARM.Collect$$libshutdown$$0000000A  c_w.l(libshutdown2.o)
    0x08000212   0x08000212   0x00000000   Code   RO         5306    .ARM.Collect$$libshutdown$$0000000C  c_w.l(libshutdown2.o)
    0x08000212   0x08000212   0x00000000   Code   RO         5309    .ARM.Collect$$libshutdown$$0000000F  c_w.l(libshutdown2.o)
    0x08000212   0x08000212   0x00000002   Code   RO         5310    .ARM.Collect$$libshutdown$$00000010  c_w.l(libshutdown2.o)
    0x08000214   0x08000214   0x00000000   Code   RO         5073    .ARM.Collect$$rtentry$$00000000  c_w.l(__rtentry.o)
    0x08000214   0x08000214   0x00000000   Code   RO         5130    .ARM.Collect$$rtentry$$00000002  c_w.l(__rtentry2.o)
    0x08000214   0x08000214   0x00000006   Code   RO         5142    .ARM.Collect$$rtentry$$00000004  c_w.l(__rtentry4.o)
    0x0800021a   0x0800021a   0x00000000   Code   RO         5132    .ARM.Collect$$rtentry$$00000009  c_w.l(__rtentry2.o)
    0x0800021a   0x0800021a   0x00000004   Code   RO         5133    .ARM.Collect$$rtentry$$0000000A  c_w.l(__rtentry2.o)
    0x0800021e   0x0800021e   0x00000000   Code   RO         5135    .ARM.Collect$$rtentry$$0000000C  c_w.l(__rtentry2.o)
    0x0800021e   0x0800021e   0x00000008   Code   RO         5136    .ARM.Collect$$rtentry$$0000000D  c_w.l(__rtentry2.o)
    0x08000226   0x08000226   0x00000002   Code   RO         5212    .ARM.Collect$$rtexit$$00000000  c_w.l(rtexit.o)
    0x08000228   0x08000228   0x00000000   Code   RO         5265    .ARM.Collect$$rtexit$$00000002  c_w.l(rtexit2.o)
    0x08000228   0x08000228   0x00000004   Code   RO         5266    .ARM.Collect$$rtexit$$00000003  c_w.l(rtexit2.o)
    0x0800022c   0x0800022c   0x00000006   Code   RO         5267    .ARM.Collect$$rtexit$$00000004  c_w.l(rtexit2.o)
    0x08000232   0x08000232   0x00000002   PAD
    0x08000234   0x08000234   0x00000096   Code   RO         4917    .emb_text           port.o
    0x080002ca   0x080002ca   0x00000002   PAD
    0x080002cc   0x080002cc   0x00000040   Code   RO            4    .text               startup_stm32f103xb.o
    0x0800030c   0x0800030c   0x00000034   Code   RO         4998    .text               c_w.l(vsnprintf.o)
    0x08000340   0x08000340   0x0000002c   Code   RO         5000    .text               c_w.l(__2sprintf.o)
    0x0800036c   0x0800036c   0x0000004e   Code   RO         5006    .text               c_w.l(_printf_pad.o)
    0x080003ba   0x080003ba   0x00000052   Code   RO         5008    .text               c_w.l(_printf_str.o)
    0x0800040c   0x0800040c   0x00000078   Code   RO         5010    .text               c_w.l(_printf_dec.o)
    0x08000484   0x08000484   0x00000094   Code   RO         5030    .text               c_w.l(_printf_hex_int_ll_ptr.o)
    0x08000518   0x08000518   0x00000188   Code   RO         5050    .text               c_w.l(__printf_flags_ss_wp.o)
    0x080006a0   0x080006a0   0x0000003e   Code   RO         5057    .text               c_w.l(strlen.o)
    0x080006de   0x080006de   0x0000008a   Code   RO         5059    .text               c_w.l(rt_memcpy_v6.o)
    0x08000768   0x08000768   0x00000064   Code   RO         5061    .text               c_w.l(rt_memcpy_w.o)
    0x080007cc   0x080007cc   0x00000010   Code   RO         5065    .text               c_w.l(aeabi_memset.o)
    0x080007dc   0x080007dc   0x0000004e   Code   RO         5067    .text               c_w.l(rt_memclr_w.o)
    0x0800082a   0x0800082a   0x00000006   Code   RO         5069    .text               c_w.l(heapauxi.o)
    0x08000830   0x08000830   0x00000024   Code   RO         5074    .text               c_w.l(_printf_truncate.o)
    0x08000854   0x08000854   0x000000b2   Code   RO         5076    .text               c_w.l(_printf_intcommon.o)
    0x08000906   0x08000906   0x00000028   Code   RO         5078    .text               c_w.l(_printf_charcount.o)
    0x0800092e   0x0800092e   0x00000002   PAD
    0x08000930   0x08000930   0x00000030   Code   RO         5080    .text               c_w.l(_printf_char_common.o)
    0x08000960   0x08000960   0x0000000a   Code   RO         5082    .text               c_w.l(_sputc.o)
    0x0800096a   0x0800096a   0x00000010   Code   RO         5084    .text               c_w.l(_snputc.o)
    0x0800097a   0x0800097a   0x0000002c   Code   RO         5086    .text               c_w.l(_printf_char.o)
    0x080009a6   0x080009a6   0x00000002   PAD
    0x080009a8   0x080009a8   0x000000bc   Code   RO         5088    .text               c_w.l(_printf_wctomb.o)
    0x08000a64   0x08000a64   0x0000007c   Code   RO         5091    .text               c_w.l(_printf_longlong_dec.o)
    0x08000ae0   0x08000ae0   0x00000070   Code   RO         5097    .text               c_w.l(_printf_oct_int_ll.o)
    0x08000b50   0x08000b50   0x00000044   Code   RO         5119    .text               c_w.l(rt_memclr.o)
    0x08000b94   0x08000b94   0x0000008a   Code   RO         5144    .text               c_w.l(lludiv10.o)
    0x08000c1e   0x08000c1e   0x0000041e   Code   RO         5146    .text               c_w.l(_printf_fp_dec.o)
    0x0800103c   0x0800103c   0x000002fc   Code   RO         5148    .text               c_w.l(_printf_fp_hex.o)
    0x08001338   0x08001338   0x0000002c   Code   RO         5153    .text               c_w.l(_printf_wchar.o)
    0x08001364   0x08001364   0x00000040   Code   RO         5155    .text               c_w.l(_wcrtomb.o)
    0x080013a4   0x080013a4   0x0000004a   Code   RO         5157    .text               c_w.l(sys_stackheap_outer.o)
    0x080013ee   0x080013ee   0x00000002   PAD
    0x080013f0   0x080013f0   0x00000010   Code   RO         5159    .text               c_w.l(rt_ctype_table.o)
    0x08001400   0x08001400   0x00000008   Code   RO         5164    .text               c_w.l(rt_locale_intlibspace.o)
    0x08001408   0x08001408   0x00000080   Code   RO         5166    .text               c_w.l(_printf_fp_infnan.o)
    0x08001488   0x08001488   0x000000e4   Code   RO         5168    .text               c_w.l(bigflt0.o)
    0x0800156c   0x0800156c   0x00000012   Code   RO         5196    .text               c_w.l(exit.o)
    0x0800157e   0x0800157e   0x00000002   PAD
    0x08001580   0x08001580   0x00000008   Code   RO         5209    .text               c_w.l(libspace.o)
    0x08001588   0x08001588   0x00000080   Code   RO         5217    .text               c_w.l(strcmpv7m.o)
    0x08001608   0x08001608   0x0000000c   Code   RO         5275    .text               c_w.l(sys_exit.o)
    0x08001614   0x08001614   0x00000002   Code   RO         5286    .text               c_w.l(use_no_semi.o)
    0x08001616   0x08001616   0x00000000   Code   RO         5288    .text               c_w.l(indicate_semi.o)
    0x08001616   0x08001616   0x0000003e   Code   RO         5171    CL$$btod_d2e        c_w.l(btod.o)
    0x08001654   0x08001654   0x00000046   Code   RO         5173    CL$$btod_d2e_denorm_low  c_w.l(btod.o)
    0x0800169a   0x0800169a   0x00000060   Code   RO         5172    CL$$btod_d2e_norm_op1  c_w.l(btod.o)
    0x080016fa   0x080016fa   0x00000338   Code   RO         5181    CL$$btod_div_common  c_w.l(btod.o)
    0x08001a32   0x08001a32   0x000000dc   Code   RO         5178    CL$$btod_e2e        c_w.l(btod.o)
    0x08001b0e   0x08001b0e   0x0000002a   Code   RO         5175    CL$$btod_ediv       c_w.l(btod.o)
    0x08001b38   0x08001b38   0x0000002a   Code   RO         5174    CL$$btod_emul       c_w.l(btod.o)
    0x08001b62   0x08001b62   0x00000244   Code   RO         5180    CL$$btod_mult_common  c_w.l(btod.o)
    0x08001da6   0x08001da6   0x00000012   Code   RO           13    i.BCD_to_Dec        main.o
    0x08001db8   0x08001db8   0x0000008e   Code   RO         3563    i.Btn_handle        button.o
    0x08001e46   0x08001e46   0x00000002   Code   RO          387    i.BusFault_Handler  stm32f1xx_it.o
    0x08001e48   0x08001e48   0x0000000e   Code   RO         3564    i.Button_init       button.o
    0x08001e56   0x08001e56   0x0000001c   Code   RO         3620    i.DHT11_Delay_ms    dht11.o
    0x08001e72   0x08001e72   0x00000002   PAD
    0x08001e74   0x08001e74   0x0000001c   Code   RO         3621    i.DHT11_Delay_us    dht11.o
    0x08001e90   0x08001e90   0x00000018   Code   RO         3622    i.DHT11_Set_input   dht11.o
    0x08001ea8   0x08001ea8   0x00000016   Code   RO         3623    i.DHT11_Set_output  dht11.o
    0x08001ebe   0x08001ebe   0x0000003e   Code   RO         3624    i.DHT11_check_response  dht11.o
    0x08001efc   0x08001efc   0x00000068   Code   RO         3625    i.DHT11_handle      dht11.o
    0x08001f64   0x08001f64   0x00000024   Code   RO         3626    i.DHT11_init        dht11.o
    0x08001f88   0x08001f88   0x00000056   Code   RO         3627    i.DHT11_read_byte   dht11.o
    0x08001fde   0x08001fde   0x00000040   Code   RO         3628    i.DHT11_send_start  dht11.o
    0x0800201e   0x0800201e   0x00000002   PAD
    0x08002020   0x08002020   0x00000040   Code   RO         3629    i.DHT11_wait_for_level  dht11.o
    0x08002060   0x08002060   0x00000002   Code   RO          388    i.DebugMon_Handler  stm32f1xx_it.o
    0x08002062   0x08002062   0x00000016   Code   RO           14    i.Dec_to_BCD        main.o
    0x08002078   0x08002078   0x000001e0   Code   RO          863    i.HAL_GPIO_Init     stm32f1xx_hal_gpio.o
    0x08002258   0x08002258   0x0000000a   Code   RO          865    i.HAL_GPIO_ReadPin  stm32f1xx_hal_gpio.o
    0x08002262   0x08002262   0x0000000a   Code   RO          867    i.HAL_GPIO_WritePin  stm32f1xx_hal_gpio.o
    0x0800226c   0x0800226c   0x0000000c   Code   RO          557    i.HAL_GetTick       stm32f1xx_hal.o
    0x08002278   0x08002278   0x00000188   Code   RO         1534    i.HAL_I2C_Init      stm32f1xx_hal_i2c.o
    0x08002400   0x08002400   0x0000016c   Code   RO         1535    i.HAL_I2C_IsDeviceReady  stm32f1xx_hal_i2c.o
    0x0800256c   0x0800256c   0x00000250   Code   RO         1540    i.HAL_I2C_Master_Receive  stm32f1xx_hal_i2c.o
    0x080027bc   0x080027bc   0x0000012c   Code   RO         1547    i.HAL_I2C_Master_Transmit  stm32f1xx_hal_i2c.o
    0x080028e8   0x080028e8   0x00000098   Code   RO          451    i.HAL_I2C_MspInit   stm32f1xx_hal_msp.o
    0x08002980   0x08002980   0x00000010   Code   RO          563    i.HAL_IncTick       stm32f1xx_hal.o
    0x08002990   0x08002990   0x00000024   Code   RO          564    i.HAL_Init          stm32f1xx_hal.o
    0x080029b4   0x080029b4   0x00000040   Code   RO          565    i.HAL_InitTick      stm32f1xx_hal.o
    0x080029f4   0x080029f4   0x00000048   Code   RO          452    i.HAL_MspInit       stm32f1xx_hal_msp.o
    0x08002a3c   0x08002a3c   0x00000040   Code   RO         1029    i.HAL_NVIC_SetPriority  stm32f1xx_hal_cortex.o
    0x08002a7c   0x08002a7c   0x00000024   Code   RO         1030    i.HAL_NVIC_SetPriorityGrouping  stm32f1xx_hal_cortex.o
    0x08002aa0   0x08002aa0   0x0000012c   Code   RO          721    i.HAL_RCC_ClockConfig  stm32f1xx_hal_rcc.o
    0x08002bcc   0x08002bcc   0x00000020   Code   RO          728    i.HAL_RCC_GetPCLK1Freq  stm32f1xx_hal_rcc.o
    0x08002bec   0x08002bec   0x00000020   Code   RO          729    i.HAL_RCC_GetPCLK2Freq  stm32f1xx_hal_rcc.o
    0x08002c0c   0x08002c0c   0x0000004c   Code   RO          730    i.HAL_RCC_GetSysClockFreq  stm32f1xx_hal_rcc.o
    0x08002c58   0x08002c58   0x00000320   Code   RO          733    i.HAL_RCC_OscConfig  stm32f1xx_hal_rcc.o
    0x08002f78   0x08002f78   0x00000028   Code   RO         1034    i.HAL_SYSTICK_Config  stm32f1xx_hal_cortex.o
    0x08002fa0   0x08002fa0   0x00000068   Code   RO         2685    i.HAL_TIMEx_MasterConfigSynchronization  stm32f1xx_hal_tim_ex.o
    0x08003008   0x08003008   0x0000005a   Code   RO         1962    i.HAL_TIM_Base_Init  stm32f1xx_hal_tim.o
    0x08003062   0x08003062   0x00000002   PAD
    0x08003064   0x08003064   0x00000024   Code   RO          454    i.HAL_TIM_Base_MspInit  stm32f1xx_hal_msp.o
    0x08003088   0x08003088   0x00000050   Code   RO         1965    i.HAL_TIM_Base_Start  stm32f1xx_hal_tim.o
    0x080030d8   0x080030d8   0x000000dc   Code   RO         1971    i.HAL_TIM_ConfigClockSource  stm32f1xx_hal_tim.o
    0x080031b4   0x080031b4   0x00000064   Code   RO         2963    i.HAL_UART_Init     stm32f1xx_hal_uart.o
    0x08003218   0x08003218   0x00000070   Code   RO          456    i.HAL_UART_MspInit  stm32f1xx_hal_msp.o
    0x08003288   0x08003288   0x000000a0   Code   RO         2971    i.HAL_UART_Transmit  stm32f1xx_hal_uart.o
    0x08003328   0x08003328   0x00000002   Code   RO          389    i.HardFault_Handler  stm32f1xx_it.o
    0x0800332a   0x0800332a   0x0000002e   Code   RO         1577    i.I2C_IsAcknowledgeFailed  stm32f1xx_hal_i2c.o
    0x08003358   0x08003358   0x000000ec   Code   RO         1580    i.I2C_MasterRequestRead  stm32f1xx_hal_i2c.o
    0x08003444   0x08003444   0x0000009c   Code   RO         1581    i.I2C_MasterRequestWrite  stm32f1xx_hal_i2c.o
    0x080034e0   0x080034e0   0x00000060   Code   RO           16    i.I2C_Scan          main.o
    0x08003540   0x08003540   0x00000056   Code   RO         1592    i.I2C_WaitOnBTFFlagUntilTimeout  stm32f1xx_hal_i2c.o
    0x08003596   0x08003596   0x00000002   PAD
    0x08003598   0x08003598   0x00000090   Code   RO         1593    i.I2C_WaitOnFlagUntilTimeout  stm32f1xx_hal_i2c.o
    0x08003628   0x08003628   0x000000bc   Code   RO         1594    i.I2C_WaitOnMasterAddressFlagUntilTimeout  stm32f1xx_hal_i2c.o
    0x080036e4   0x080036e4   0x00000070   Code   RO         1595    i.I2C_WaitOnRXNEFlagUntilTimeout  stm32f1xx_hal_i2c.o
    0x08003754   0x08003754   0x00000056   Code   RO         1596    i.I2C_WaitOnTXEFlagUntilTimeout  stm32f1xx_hal_i2c.o
    0x080037aa   0x080037aa   0x00000002   PAD
    0x080037ac   0x080037ac   0x000000ac   Code   RO           17    i.MX_GPIO_Init      main.o
    0x08003858   0x08003858   0x00000064   Code   RO           18    i.MX_TIM2_Init      main.o
    0x080038bc   0x080038bc   0x00000002   Code   RO          390    i.MemManage_Handler  stm32f1xx_it.o
    0x080038be   0x080038be   0x00000002   Code   RO          391    i.NMI_Handler       stm32f1xx_it.o
    0x080038c0   0x080038c0   0x0000003c   Code   RO           19    i.Print_uart        main.o
    0x080038fc   0x080038fc   0x00000064   Code   RO           20    i.RTC_alarm_check   main.o
    0x08003960   0x08003960   0x00000024   Code   RO           21    i.RTC_change_val    main.o
    0x08003984   0x08003984   0x00000026   Code   RO           22    i.RTC_check_leap_year  main.o
    0x080039aa   0x080039aa   0x00000002   PAD
    0x080039ac   0x080039ac   0x0000012c   Code   RO           23    i.RTC_display       main.o
    0x08003ad8   0x08003ad8   0x00000030   Code   RO           24    i.RTC_get_day_of_month  main.o
    0x08003b08   0x08003b08   0x0000005e   Code   RO           25    i.RTC_get_day_of_week  main.o
    0x08003b66   0x08003b66   0x00000002   PAD
    0x08003b68   0x08003b68   0x00000038   Code   RO           26    i.RTC_handle        main.o
    0x08003ba0   0x08003ba0   0x00000074   Code   RO           27    i.RTC_read          main.o
    0x08003c14   0x08003c14   0x000000bc   Code   RO           28    i.RTC_set_alarm_value  main.o
    0x08003cd0   0x08003cd0   0x00000130   Code   RO           29    i.RTC_set_time_value  main.o
    0x08003e00   0x08003e00   0x000000ac   Code   RO           30    i.RTC_value_button_handle  main.o
    0x08003eac   0x08003eac   0x00000068   Code   RO           31    i.RTC_write         main.o
    0x08003f14   0x08003f14   0x00000010   Code   RO         3369    i.SSD1306_Clear     ssd1306.o
    0x08003f24   0x08003f24   0x00000040   Code   RO         3376    i.SSD1306_DrawPixel  ssd1306.o
    0x08003f64   0x08003f64   0x00000018   Code   RO         3379    i.SSD1306_Fill      ssd1306.o
    0x08003f7c   0x08003f7c   0x0000000c   Code   RO         3380    i.SSD1306_GotoXY    ssd1306.o
    0x08003f88   0x08003f88   0x000000a0   Code   RO         3385    i.SSD1306_Putc      ssd1306.o
    0x08004028   0x08004028   0x00000028   Code   RO         3386    i.SSD1306_Puts      ssd1306.o
    0x08004050   0x08004050   0x00000048   Code   RO         3393    i.SSD1306_UpdateScreen  ssd1306.o
    0x08004098   0x08004098   0x0000002c   Code   RO           32    i.Start_Button_Task  main.o
    0x080040c4   0x080040c4   0x0000008c   Code   RO           33    i.Start_Temp_Humid_Task  main.o
    0x08004150   0x08004150   0x00000044   Code   RO           34    i.Start_Time_Task   main.o
    0x08004194   0x08004194   0x00000018   Code   RO          392    i.SysTick_Handler   stm32f1xx_it.o
    0x080041ac   0x080041ac   0x0000005c   Code   RO           35    i.SystemClock_Config  main.o
    0x08004208   0x08004208   0x00000002   Code   RO         3297    i.SystemInit        system_stm32f1xx.o
    0x0800420a   0x0800420a   0x00000002   PAD
    0x0800420c   0x0800420c   0x00000078   Code   RO         2055    i.TIM_Base_SetConfig  stm32f1xx_hal_tim.o
    0x08004284   0x08004284   0x00000014   Code   RO         2066    i.TIM_ETR_SetConfig  stm32f1xx_hal_tim.o
    0x08004298   0x08004298   0x00000010   Code   RO         2067    i.TIM_ITRx_SetConfig  stm32f1xx_hal_tim.o
    0x080042a8   0x080042a8   0x00000022   Code   RO         2073    i.TIM_TI1_ConfigInputStage  stm32f1xx_hal_tim.o
    0x080042ca   0x080042ca   0x00000024   Code   RO         2075    i.TIM_TI2_ConfigInputStage  stm32f1xx_hal_tim.o
    0x080042ee   0x080042ee   0x0000004e   Code   RO         2986    i.UART_EndRxTransfer  stm32f1xx_hal_uart.o
    0x0800433c   0x0800433c   0x000000b8   Code   RO         2989    i.UART_SetConfig    stm32f1xx_hal_uart.o
    0x080043f4   0x080043f4   0x00000072   Code   RO         2992    i.UART_WaitOnFlagUntilTimeout  stm32f1xx_hal_uart.o
    0x08004466   0x08004466   0x00000002   Code   RO          393    i.UsageFault_Handler  stm32f1xx_it.o
    0x08004468   0x08004468   0x00000028   Code   RO         5207    i.__ARM_fpclassify  m_ws.l(fpclassify.o)
    0x08004490   0x08004490   0x00000020   Code   RO         1036    i.__NVIC_SetPriority  stm32f1xx_hal_cortex.o
    0x080044b0   0x080044b0   0x0000000e   Code   RO         5043    i._is_digit         c_w.l(__printf_wp.o)
    0x080044be   0x080044be   0x00000002   Code   RO         3565    i.btn_release_callback  button.o
    0x080044c0   0x080044c0   0x00000020   Code   RO           36    i.btnpress_callback  main.o
    0x080044e0   0x080044e0   0x0000000c   Code   RO         4481    i.inHandlerMode     cmsis_os.o
    0x080044ec   0x080044ec   0x0000001c   Code   RO           37    i.long_press_callback  main.o
    0x08004508   0x08004508   0x00000140   Code   RO           38    i.main              main.o
    0x08004648   0x08004648   0x0000000c   Code   RO         4483    i.makeFreeRtosPriority  cmsis_os.o
    0x08004654   0x08004654   0x0000000e   Code   RO         4485    i.osDelay           cmsis_os.o
    0x08004662   0x08004662   0x0000000a   Code   RO         4488    i.osKernelStart     cmsis_os.o
    0x0800466c   0x0800466c   0x00000010   Code   RO         4503    i.osMutexCreate     cmsis_os.o
    0x0800467c   0x0800467c   0x00000050   Code   RO         4505    i.osMutexRelease    cmsis_os.o
    0x080046cc   0x080046cc   0x00000064   Code   RO         4506    i.osMutexWait       cmsis_os.o
    0x08004730   0x08004730   0x00000054   Code   RO         4522    i.osThreadCreate    cmsis_os.o
    0x08004784   0x08004784   0x00000070   Code   RO         4165    i.prvAddCurrentTaskToDelayedList  tasks.o
    0x080047f4   0x080047f4   0x000000d0   Code   RO         4166    i.prvAddNewTaskToReadyList  tasks.o
    0x080048c4   0x080048c4   0x00000026   Code   RO         3841    i.prvCopyDataFromQueue  queue.o
    0x080048ea   0x080048ea   0x0000006c   Code   RO         3842    i.prvCopyDataToQueue  queue.o
    0x08004956   0x08004956   0x00000034   Code   RO         4167    i.prvDeleteTCB      tasks.o
    0x0800498a   0x0800498a   0x00000002   PAD
    0x0800498c   0x0800498c   0x0000004c   Code   RO         4850    i.prvHeapInit       heap_4.o
    0x080049d8   0x080049d8   0x00000060   Code   RO         4168    i.prvIdleTask       tasks.o
    0x08004a38   0x08004a38   0x00000016   Code   RO         3843    i.prvInitialiseMutex  queue.o
    0x08004a4e   0x08004a4e   0x00000016   Code   RO         3844    i.prvInitialiseNewQueue  queue.o
    0x08004a64   0x08004a64   0x00000098   Code   RO         4169    i.prvInitialiseNewTask  tasks.o
    0x08004afc   0x08004afc   0x0000004c   Code   RO         4851    i.prvInsertBlockIntoFreeList  heap_4.o
    0x08004b48   0x08004b48   0x0000001c   Code   RO         3845    i.prvIsQueueEmpty   queue.o
    0x08004b64   0x08004b64   0x00000020   Code   RO         4170    i.prvResetNextTaskUnblockTime  tasks.o
    0x08004b84   0x08004b84   0x00000028   Code   RO         4918    i.prvTaskExitError  port.o
    0x08004bac   0x08004bac   0x0000006a   Code   RO         3846    i.prvUnlockQueue    queue.o
    0x08004c16   0x08004c16   0x00000002   PAD
    0x08004c18   0x08004c18   0x000000dc   Code   RO         4852    i.pvPortMalloc      heap_4.o
    0x08004cf4   0x08004cf4   0x00000018   Code   RO         4172    i.pvTaskIncrementMutexHeldCount  tasks.o
    0x08004d0c   0x08004d0c   0x00000024   Code   RO         4919    i.pxPortInitialiseStack  port.o
    0x08004d30   0x08004d30   0x00000060   Code   RO           39    i.short_press_callback  main.o
    0x08004d90   0x08004d90   0x00000020   Code   RO         3395    i.ssd1306_I2C_Write  ssd1306.o
    0x08004db0   0x08004db0   0x00000038   Code   RO         3396    i.ssd1306_I2C_WriteMulti  ssd1306.o
    0x08004de8   0x08004de8   0x00000026   Code   RO         3801    i.uxListRemove      list.o
    0x08004e0e   0x08004e0e   0x00000002   PAD
    0x08004e10   0x08004e10   0x00000014   Code   RO          353    i.vApplicationGetIdleTaskMemory  freertos.o
    0x08004e24   0x08004e24   0x00000016   Code   RO         3802    i.vListInitialise   list.o
    0x08004e3a   0x08004e3a   0x00000006   Code   RO         3803    i.vListInitialiseItem  list.o
    0x08004e40   0x08004e40   0x00000030   Code   RO         3804    i.vListInsert       list.o
    0x08004e70   0x08004e70   0x00000018   Code   RO         3805    i.vListInsertEnd    list.o
    0x08004e88   0x08004e88   0x00000040   Code   RO         4921    i.vPortEnterCritical  port.o
    0x08004ec8   0x08004ec8   0x00000028   Code   RO         4922    i.vPortExitCritical  port.o
    0x08004ef0   0x08004ef0   0x00000064   Code   RO         4853    i.vPortFree         heap_4.o
    0x08004f54   0x08004f54   0x00000024   Code   RO         4923    i.vPortSetupTimerInterrupt  port.o
    0x08004f78   0x08004f78   0x00000054   Code   RO         4924    i.vPortValidateInterruptPriority  port.o
    0x08004fcc   0x08004fcc   0x0000004c   Code   RO         4179    i.vTaskDelay        tasks.o
    0x08005018   0x08005018   0x00000010   Code   RO         4182    i.vTaskInternalSetTimeOutState  tasks.o
    0x08005028   0x08005028   0x0000000c   Code   RO         4183    i.vTaskMissedYield  tasks.o
    0x08005034   0x08005034   0x00000030   Code   RO         4185    i.vTaskPlaceOnEventList  tasks.o
    0x08005064   0x08005064   0x000000a0   Code   RO         4187    i.vTaskPriorityDisinheritAfterTimeout  tasks.o
    0x08005104   0x08005104   0x0000006c   Code   RO         4192    i.vTaskStartScheduler  tasks.o
    0x08005170   0x08005170   0x00000010   Code   RO         4194    i.vTaskSuspendAll   tasks.o
    0x08005180   0x08005180   0x0000005c   Code   RO         4195    i.vTaskSwitchContext  tasks.o
    0x080051dc   0x080051dc   0x000000a8   Code   RO         4925    i.xPortStartScheduler  port.o
    0x08005284   0x08005284   0x0000002c   Code   RO         4926    i.xPortSysTickHandler  port.o
    0x080052b0   0x080052b0   0x00000016   Code   RO         3853    i.xQueueCreateMutex  queue.o
    0x080052c6   0x080052c6   0x0000001a   Code   RO         3854    i.xQueueCreateMutexStatic  queue.o
    0x080052e0   0x080052e0   0x00000042   Code   RO         3855    i.xQueueGenericCreate  queue.o
    0x08005322   0x08005322   0x00000066   Code   RO         3856    i.xQueueGenericCreateStatic  queue.o
    0x08005388   0x08005388   0x00000088   Code   RO         3857    i.xQueueGenericReset  queue.o
    0x08005410   0x08005410   0x00000160   Code   RO         3858    i.xQueueGenericSend  queue.o
    0x08005570   0x08005570   0x0000009c   Code   RO         3860    i.xQueueGiveFromISR  queue.o
    0x0800560c   0x0800560c   0x0000009a   Code   RO         3866    i.xQueueReceiveFromISR  queue.o
    0x080056a6   0x080056a6   0x00000002   PAD
    0x080056a8   0x080056a8   0x00000178   Code   RO         3867    i.xQueueSemaphoreTake  queue.o
    0x08005820   0x08005820   0x00000074   Code   RO         4197    i.xTaskCheckForTimeOut  tasks.o
    0x08005894   0x08005894   0x0000005a   Code   RO         4198    i.xTaskCreate       tasks.o
    0x080058ee   0x080058ee   0x00000056   Code   RO         4199    i.xTaskCreateStatic  tasks.o
    0x08005944   0x08005944   0x0000001c   Code   RO         4203    i.xTaskGetSchedulerState  tasks.o
    0x08005960   0x08005960   0x000000cc   Code   RO         4206    i.xTaskIncrementTick  tasks.o
    0x08005a2c   0x08005a2c   0x00000098   Code   RO         4209    i.xTaskPriorityDisinherit  tasks.o
    0x08005ac4   0x08005ac4   0x0000008c   Code   RO         4210    i.xTaskPriorityInherit  tasks.o
    0x08005b50   0x08005b50   0x00000074   Code   RO         4211    i.xTaskRemoveFromEventList  tasks.o
    0x08005bc4   0x08005bc4   0x000000c4   Code   RO         4212    i.xTaskResumeAll    tasks.o
    0x08005c88   0x08005c88   0x0000002c   Code   RO         5194    locale$$code        c_w.l(lc_numeric_c.o)
    0x08005cb4   0x08005cb4   0x0000002c   Code   RO         5215    locale$$code        c_w.l(lc_ctype_c.o)
    0x08005ce0   0x08005ce0   0x00000004   Code   RO         5121    x$fpl$printf1       fz_ws.l(printf1.o)
    0x08005ce4   0x08005ce4   0x00000004   Code   RO         5123    x$fpl$printf2       fz_ws.l(printf2.o)
    0x08005ce8   0x08005ce8   0x00000000   Code   RO         5206    x$fpl$usenofp       fz_ws.l(usenofp.o)
    0x08005ce8   0x08005ce8   0x00000070   Data   RO           41    .constdata          main.o
    0x08005d58   0x08005d58   0x00000012   Data   RO          734    .constdata          stm32f1xx_hal_rcc.o
    0x08005d6a   0x08005d6a   0x00000010   Data   RO         3298    .constdata          system_stm32f1xx.o
    0x08005d7a   0x08005d7a   0x00000008   Data   RO         3299    .constdata          system_stm32f1xx.o
    0x08005d82   0x08005d82   0x0000076c   Data   RO         3335    .constdata          fonts.o
    0x080064ee   0x080064ee   0x00000d5c   Data   RO         3336    .constdata          fonts.o
    0x0800724a   0x0800724a   0x00000028   Data   RO         5031    .constdata          c_w.l(_printf_hex_int_ll_ptr.o)
    0x08007272   0x08007272   0x00000011   Data   RO         5051    .constdata          c_w.l(__printf_flags_ss_wp.o)
    0x08007283   0x08007283   0x00000001   PAD
    0x08007284   0x08007284   0x00000008   Data   RO         5089    .constdata          c_w.l(_printf_wctomb.o)
    0x0800728c   0x0800728c   0x00000026   Data   RO         5149    .constdata          c_w.l(_printf_fp_hex.o)
    0x080072b2   0x080072b2   0x00000002   PAD
    0x080072b4   0x080072b4   0x00000094   Data   RO         5169    .constdata          c_w.l(bigflt0.o)
    0x08007348   0x08007348   0x00000028   Data   RO           42    .conststring        main.o
    0x08007370   0x08007370   0x00000020   Data   RO         5341    Region$$Table       anon$$obj.o
    0x08007390   0x08007390   0x0000001c   Data   RO         5193    locale$$data        c_w.l(lc_numeric_c.o)
    0x080073ac   0x080073ac   0x00000110   Data   RO         5214    locale$$data        c_w.l(lc_ctype_c.o)


    Execution Region RW_IRAM1 (Exec base: 0x20000000, Load base: 0x080074bc, Size: 0x00001c40, Max: 0x00005000, ABSOLUTE)

    Exec Addr    Load Addr    Size         Type   Attr      Idx    E Section Name        Object

    0x20000000   0x080074bc   0x00000034   Data   RW           43    .data               main.o
    0x20000034   0x080074f0   0x0000000c   Data   RW          571    .data               stm32f1xx_hal.o
    0x20000040   0x080074fc   0x00000004   Data   RW         3300    .data               system_stm32f1xx.o
    0x20000044   0x08007500   0x00000008   Data   RW         3338    .data               fonts.o
    0x2000004c   0x08007508   0x00000008   Data   RW         3339    .data               fonts.o
    0x20000054   0x08007510   0x00000006   Data   RW         3398    .data               ssd1306.o
    0x2000005a   0x08007516   0x00000002   PAD
    0x2000005c   0x08007518   0x00000004   Data   RW         3630    .data               dht11.o
    0x20000060   0x0800751c   0x0000003c   Data   RW         4215    .data               tasks.o
    0x2000009c   0x08007558   0x00000020   Data   RW         4859    .data               heap_4.o
    0x200000bc   0x08007578   0x0000000c   Data   RW         4927    .data               port.o
    0x200000c8        -       0x000001d0   Zero   RW           40    .bss                main.o
    0x20000298        -       0x00000254   Zero   RW          354    .bss                freertos.o
    0x200004ec        -       0x00000400   Zero   RW         3397    .bss                ssd1306.o
    0x200008ec        -       0x000000f0   Zero   RW         4214    .bss                tasks.o
    0x200009dc        -       0x00000c00   Zero   RW         4858    .bss                heap_4.o
    0x200015dc        -       0x00000060   Zero   RW         5210    .bss                c_w.l(libspace.o)
    0x2000163c   0x08007584   0x00000004   PAD
    0x20001640        -       0x00000200   Zero   RW            2    HEAP                startup_stm32f103xb.o
    0x20001840        -       0x00000400   Zero   RW            1    STACK               startup_stm32f103xb.o


==============================================================================

Image component sizes


      Code (inc. data)   RO Data    RW Data    ZI Data      Debug   Object Name

       158          0          0          0          0       2218   button.o
       328         10          0          0          0      29156   cmsis_os.o
       518         16          0          4          0       6672   dht11.o
         0          0          0          0          0      19988   event_groups.o
         0          0       5320         16          0       1159   fonts.o
        20          4          0          0        596       1148   freertos.o
       472         24          0         32       3072       7147   heap_4.o
       138          0          0          0          0       3246   list.o
      2844        454        152         52        464     483853   main.o
       662         70          0         12          0      10733   port.o
      1714         14          0          0          0      19054   queue.o
       476         40          0          6       1024       7437   ssd1306.o
        64         26        236          0       1536        780   startup_stm32f103xb.o
       128         24          0         12          0       5089   stm32f1xx_hal.o
       172         14          0          0          0      28166   stm32f1xx_hal_cortex.o
       500         34          0          0          0       3399   stm32f1xx_hal_gpio.o
      2702         64          0          0          0      13610   stm32f1xx_hal_i2c.o
       372         46          0          0          0       2782   stm32f1xx_hal_msp.o
      1240         84         18          0          0       4944   stm32f1xx_hal_rcc.o
       616         26          0          0          0       6480   stm32f1xx_hal_tim.o
       104         12          0          0          0       1300   stm32f1xx_hal_tim_ex.o
       636          6          0          0          0       4460   stm32f1xx_hal_uart.o
        36          0          0          0          0       2891   stm32f1xx_it.o
         0          0          0          0          0        440   stream_buffer.o
         2          0         24          4          0       1031   system_stm32f1xx.o
      2332        174          0         60        240      26207   tasks.o

    ----------------------------------------------------------------------
     16260       1142       5782        200       6932     693390   Object Totals
         0          0         32          0          0          0   (incl. Generated)
        26          0          0          2          0          0   (incl. Padding)

    ----------------------------------------------------------------------

      Code (inc. data)   RO Data    RW Data    ZI Data      Debug   Library Member Name

        44          6          0          0          0         84   __2sprintf.o
         8          0          0          0          0         68   __main.o
       392          4         17          0          0         92   __printf_flags_ss_wp.o
        14          0          0          0          0         68   __printf_wp.o
         0          0          0          0          0          0   __rtentry.o
        12          0          0          0          0          0   __rtentry2.o
         6          0          0          0          0          0   __rtentry4.o
        52          8          0          0          0          0   __scatter.o
        26          0          0          0          0          0   __scatter_copy.o
        28          0          0          0          0          0   __scatter_zi.o
         6          0          0          0          0          0   _printf_a.o
         6          0          0          0          0          0   _printf_c.o
        44          0          0          0          0        108   _printf_char.o
        48          6          0          0          0         96   _printf_char_common.o
        40          0          0          0          0         68   _printf_charcount.o
         6          0          0          0          0          0   _printf_d.o
       120         16          0          0          0         92   _printf_dec.o
         6          0          0          0          0          0   _printf_e.o
         6          0          0          0          0          0   _printf_f.o
      1054          0          0          0          0        216   _printf_fp_dec.o
       764          8         38          0          0        100   _printf_fp_hex.o
       128         16          0          0          0         84   _printf_fp_infnan.o
         6          0          0          0          0          0   _printf_g.o
       148          4         40          0          0        160   _printf_hex_int_ll_ptr.o
         6          0          0          0          0          0   _printf_i.o
       178          0          0          0          0         88   _printf_intcommon.o
        10          0          0          0          0          0   _printf_l.o
         6          0          0          0          0          0   _printf_lc.o
        10          0          0          0          0          0   _printf_ll.o
         6          0          0          0          0          0   _printf_lld.o
         6          0          0          0          0          0   _printf_lli.o
         6          0          0          0          0          0   _printf_llo.o
         6          0          0          0          0          0   _printf_llu.o
         6          0          0          0          0          0   _printf_llx.o
       124         16          0          0          0         92   _printf_longlong_dec.o
         6          0          0          0          0          0   _printf_ls.o
         6          0          0          0          0          0   _printf_n.o
         6          0          0          0          0          0   _printf_o.o
       112         10          0          0          0        124   _printf_oct_int_ll.o
         6          0          0          0          0          0   _printf_p.o
        78          0          0          0          0        108   _printf_pad.o
         0          0          0          0          0          0   _printf_percent.o
         4          0          0          0          0          0   _printf_percent_end.o
         6          0          0          0          0          0   _printf_s.o
        82          0          0          0          0         80   _printf_str.o
        36          0          0          0          0         84   _printf_truncate.o
         6          0          0          0          0          0   _printf_u.o
        44          0          0          0          0        108   _printf_wchar.o
       188          6          8          0          0         92   _printf_wctomb.o
         6          0          0          0          0          0   _printf_x.o
        16          0          0          0          0         68   _snputc.o
        10          0          0          0          0         68   _sputc.o
        64          0          0          0          0         92   _wcrtomb.o
        16          0          0          0          0         68   aeabi_memset.o
       228          4        148          0          0         96   bigflt0.o
      1936        128          0          0          0        672   btod.o
        18          0          0          0          0         80   exit.o
         6          0          0          0          0        152   heapauxi.o
         0          0          0          0          0          0   indicate_semi.o
        44         10        272          0          0         76   lc_ctype_c.o
        44         10         28          0          0         76   lc_numeric_c.o
         2          0          0          0          0          0   libinit.o
        30          0          0          0          0          0   libinit2.o
         2          0          0          0          0          0   libshutdown.o
         2          0          0          0          0          0   libshutdown2.o
         8          4          0          0         96         68   libspace.o
       138          0          0          0          0         80   lludiv10.o
        16          4          0          0          0         76   rt_ctype_table.o
         8          4          0          0          0         68   rt_locale_intlibspace.o
        68          0          0          0          0         68   rt_memclr.o
        78          0          0          0          0         80   rt_memclr_w.o
       138          0          0          0          0         68   rt_memcpy_v6.o
       100          0          0          0          0         80   rt_memcpy_w.o
         2          0          0          0          0          0   rtexit.o
        10          0          0          0          0          0   rtexit2.o
       128          0          0          0          0         68   strcmpv7m.o
        62          0          0          0          0         76   strlen.o
        12          4          0          0          0         68   sys_exit.o
        74          0          0          0          0         80   sys_stackheap_outer.o
         2          0          0          0          0         68   use_no_semi.o
        52          4          0          0          0         80   vsnprintf.o
         4          0          0          0          0         68   printf1.o
         4          0          0          0          0         68   printf2.o
         0          0          0          0          0          0   usenofp.o
        40          0          0          0          0         68   fpclassify.o

    ----------------------------------------------------------------------
      7288        272        554          0        100       4692   Library Totals
        12          0          3          0          4          0   (incl. Padding)

    ----------------------------------------------------------------------

      Code (inc. data)   RO Data    RW Data    ZI Data      Debug   Library Name

      7228        272        551          0         96       4488   c_w.l
         8          0          0          0          0        136   fz_ws.l
        40          0          0          0          0         68   m_ws.l

    ----------------------------------------------------------------------
      7288        272        554          0        100       4692   Library Totals

    ----------------------------------------------------------------------

==============================================================================


      Code (inc. data)   RO Data    RW Data    ZI Data      Debug   

     23548       1414       6336        200       7032     687002   Grand Totals
     23548       1414       6336        200       7032     687002   ELF Image Totals
     23548       1414       6336        200          0          0   ROM Totals

==============================================================================

    Total RO  Size (Code + RO Data)                29884 (  29.18kB)
    Total RW  Size (RW Data + ZI Data)              7232 (   7.06kB)
    Total ROM Size (Code + RO Data + RW Data)      30084 (  29.38kB)

==============================================================================

