<html>
<body>
<pre>
<h1>µVision Build Log</h1>
<h2>Tool Versions:</h2>
IDE-Version: µVision V5.42.0.0
Copyright (C) 2025 ARM Ltd and ARM Germany GmbH. All rights reserved.
License Information: Phuong Dang, PhuongDiep, LIC=SDA0P-M91CA-X7ERZ-JHVN2-62JWN-LFLAT
 
Tool Versions:
Toolchain:       MDK-ARM Plus  Version: 5.42.0.0
Toolchain Path:  C:\Users\Admin\AppData\Local\Keil_v5\ARM\ARMCC\Bin
C Compiler:      Armcc.exe V5.06 update 6 (build 750)
Assembler:       Armasm.exe V5.06 update 6 (build 750)
Linker/Locator:  ArmLink.exe V5.06 update 6 (build 750)
Library Manager: ArmAr.exe V5.06 update 6 (build 750)
Hex Converter:   FromElf.exe V5.06 update 6 (build 750)
CPU DLL:         SARMCM3.DLL V5.42.0.0
Dialog DLL:      DCM.DLL V1.17.5.0
Target DLL:      STLink\ST-LINKIII-KEIL_SWO.dll V3.3.0.0
Dialog DLL:      TCM.DLL V1.56.6.0
 
<h2>Project:</h2>
G:\STM32\STM32_RTC\rtc\MDK-ARM\rtc.uvprojx
Project File Date:  08/24/2025

<h2>Output:</h2>
*** Using Compiler 'V5.06 update 6 (build 750)', folder: 'C:\Users\Admin\AppData\Local\Keil_v5\ARM\ARMCC\Bin'
Build target 'rtc'
compiling main.c...
../Lib/fonts.h(129): warning:  #1-D: last line of file ends without a newline
  #endif
../Lib/ssd1306.h(238): warning:  #1295-D: Deprecated declaration ssd1306_I2C_Init - give arg types
  void ssd1306_I2C_Init();
../Lib/ssd1306.h(309): warning:  #1-D: last line of file ends without a newline
  #endif
../Core/Src/main.c(204): warning:  #111-D: statement is unreachable
  			break;
../Core/Src/main.c(207): warning:  #111-D: statement is unreachable
  			break;
../Core/Src/main.c(241): warning:  #188-D: enumerated type mixed with another type
  		SSD1306_Puts((char*)buff_hour, &Font_7x10, 1);
../Core/Src/main.c(243): warning:  #188-D: enumerated type mixed with another type
  		SSD1306_Puts((char*)buff_date, &Font_7x10, 1);
../Core/Src/main.c(246): warning:  #188-D: enumerated type mixed with another type
  		SSD1306_Puts((char*)buff_temp, &Font_7x10, 1);
../Core/Src/main.c(248): warning:  #188-D: enumerated type mixed with another type
  		SSD1306_Puts((char*)buff_humid, &Font_7x10, 1);
../Core/Src/main.c(224): warning:  #177-D: variable "buff_alarm_status"  was declared but never referenced
  	uint8_t buff_alarm_status[16];
../Core/Src/main.c(318): warning:  #188-D: enumerated type mixed with another type
  		SSD1306_Puts((char*)buff_line1, &Font_7x10, 1);
../Core/Src/main.c(321): warning:  #188-D: enumerated type mixed with another type
  		SSD1306_Puts((char*)buff_line2, &Font_7x10, 1);
../Core/Src/main.c(340): warning:  #188-D: enumerated type mixed with another type
  			HAL_GPIO_WritePin(GPIOA, GPIO_PIN_8, alarm_status);
../Core/Src/main.c(344): warning:  #188-D: enumerated type mixed with another type
  	HAL_GPIO_WritePin(GPIOA, GPIO_PIN_8, 0);
../Core/Src/main.c(375): warning:  #188-D: enumerated type mixed with another type
  		SSD1306_Puts("ALARM CLOCK", &Font_11x18, 1);
../Core/Src/main.c(378): warning:  #188-D: enumerated type mixed with another type
  		SSD1306_Puts(buff_alarm_time, &Font_11x18, 1);
../Core/Src/main.c(633): warning:  #188-D: enumerated type mixed with another type
    osThreadDef(Time_Task, Start_Time_Task, 1, 0, 128);
../Core/Src/main.c(636): warning:  #188-D: enumerated type mixed with another type
    osThreadDef(Button_Task, Start_Button_Task, 1, 0, 128);
../Core/Src/main.c: 18 warnings, 0 errors
linking...
Program Size: Code=23548 RO-data=6336 RW-data=200 ZI-data=7032  
FromELF: creating hex file...
"rtc\rtc.axf" - 0 Error(s), 18 Warning(s).

<h2>Software Packages used:</h2>

Package Vendor: ARM
                https://www.keil.com/pack/ARM.CMSIS.6.1.0.pack
                ARM::CMSIS@6.1.0
                CMSIS (Common Microcontroller Software Interface Standard)
   * Component: CORE Version: 6.1.0

Package Vendor: Keil
                https://www.keil.com/pack/Keil.STM32F1xx_DFP.2.4.1.pack
                Keil::STM32F1xx_DFP@2.4.1
                STMicroelectronics STM32F1 Series Device Support, Drivers and Examples

<h2>Collection of Component include folders:</h2>
  ./RTE/_rtc
  C:/Users/Admin/AppData/Local/Arm/Packs/ARM/CMSIS/6.1.0/CMSIS/Core/Include
  C:/Users/Admin/AppData/Local/Arm/Packs/Keil/STM32F1xx_DFP/2.4.1_bak_0/Device/Include

<h2>Collection of Component Files used:</h2>

   * Component: ARM::CMSIS:CORE@6.1.0
      Include file:  CMSIS/Core/Include/tz_context.h
Build Time Elapsed:  00:00:01
</pre>
</body>
</html>
